------------------------------------------------------------------------------------------------------------------
      name:  <unnamed>
       log:  /Users/echow/QSU/SEER-medicare/code/02_create_dataset.log
  log type:  text
 opened on:  10 Jul 2018, 10:50:16

. local start = "$S_TIME"

. 
. * ------------------------------------------------------------------------------
. * SEER Medicare clean up
. * Eric Chow, 04-27-2017
. *
. * opens pedsf_small.dta which appended the 6 files, and kept only some vars
. * but no other data transformations done (some string to text)
. *
. * do the Things from Baiyu's file. ie: 
. *    1. get only those w firdt dx == lung cancer, not just any dx of LC (use SITERWHO, seq1=00|01)
. *    2. keep if dgn in 2000-2013
. *    3. must be enerolled in medicar part A & B, & not in HMO in mnth of dgn
. *    4. keep only dgn from 2000-2013 - compare w SEER*medicare website
. * ------------------------------------------------------------------------------
. 
. set more off

. 
. clear 

. clear mata

. clear matrix

. set maxvar 10000 


. 
. 
. use "/Volumes/QSU/Datasets/SEER_medicare/data/pedsf_analysis_long", clear

. * how many LC diagnoses were there?
. count
  278,224

. * compare the yearly number of cases to SEER-Medicare website
. * https://healthcaredelivery.cancer.gov/seermedicare/aboutdata/cases.html
. tab yrdx if inlist(seq, 0, 1)

    year of |
  diagnosis |      Freq.     Percent        Cum.
------------+-----------------------------------
       2000 |     17,076        7.08        7.08
       2001 |     17,761        7.36       14.44
       2002 |     18,359        7.61       22.05
       2003 |     18,879        7.83       29.88
       2004 |     18,747        7.77       37.65
       2005 |     18,624        7.72       45.37
       2006 |     18,081        7.49       52.86
       2007 |     17,511        7.26       60.12
       2008 |     17,206        7.13       67.25
       2009 |     16,727        6.93       74.19
       2010 |     16,164        6.70       80.89
       2011 |     15,630        6.48       87.37
       2012 |     15,620        6.47       93.84
       2013 |     14,856        6.16      100.00
------------+-----------------------------------
      Total |    241,241      100.00

. // year      SEER     N (this data)
. // 2013     14,869    14,856
. // 2012     15,620    15,620
. // 2011     15,636    15,630
. // 2010     16,161    16,164
. // 2009     16,733    16,727
. // 2008     17,210    17,206
. // 2007     17,516    17,511
. // 2006     18,085    18,081
. // 2005     18,631    18,624
. // 2004     18,755    18,747
. // 2003     18,880    18,879
. // 2002     18,369    18,359
. // 2001     17,769    17,761
. // 2000     17,083    17,076
. 
. 
. 
. * sort by patient id, diag_dt, and histology
. sort patient_id diag_dt hist2_

. 
. * -------------------------
. * reshape to wide format
. reshape wide  diag_dt hist2_ histbeh histrec seq agedx reg  e10* dx_i med_stcd medst_yr marst modx_ yrdx_ site l
> at  beh2_ hist beh grade dxconf src cstum nosrg rad radbrn radsurg sssurg sxscop sxsite typefu siterwho behtrend
>  hstst ajccstg aj3sr frstprm summ2k vsrtdx intprim srvm srvmflag yearrx, i(patient_id) j(seq_lc)
(note: j = 1 2 3 4)

Data                               long   ->   wide
-----------------------------------------------------------------------------
Number of obs.                   278224   ->  271892
Number of variables                 121   ->     264
j variable (4 values)            seq_lc   ->   (dropped)
xij variables:
                                diag_dt   ->   diag_dt1 diag_dt2 ... diag_dt4
                                 hist2_   ->   hist2_1 hist2_2 ... hist2_4
                                histbeh   ->   histbeh1 histbeh2 ... histbeh4
                                histrec   ->   histrec1 histrec2 ... histrec4
                                    seq   ->   seq1 seq2 ... seq4
                                  agedx   ->   agedx1 agedx2 ... agedx4
                                    reg   ->   reg1 reg2 ... reg4
                                  e10ex   ->   e10ex1 e10ex2 ... e10ex4
                                  e10nd   ->   e10nd1 e10nd2 ... e10nd4
                                  e10sz   ->   e10sz1 e10sz2 ... e10sz4
                                  e10pe   ->   e10pe1 e10pe2 ... e10pe4
                                  e10pn   ->   e10pn1 e10pn2 ... e10pn4
                                  e10ne   ->   e10ne1 e10ne2 ... e10ne4
                                   dx_i   ->   dx_i1 dx_i2 ... dx_i4
                               med_stcd   ->   med_stcd1 med_stcd2 ... med_stcd4
                               medst_yr   ->   medst_yr1 medst_yr2 ... medst_yr4
                                  marst   ->   marst1 marst2 ... marst4
                                  modx_   ->   modx_1 modx_2 ... modx_4
                                  yrdx_   ->   yrdx_1 yrdx_2 ... yrdx_4
                                   site   ->   site1 site2 ... site4
                                    lat   ->   lat1 lat2 ... lat4
                                  beh2_   ->   beh2_1 beh2_2 ... beh2_4
                                   hist   ->   hist1 hist2 ... hist4
                                    beh   ->   beh1 beh2 ... beh4
                                  grade   ->   grade1 grade2 ... grade4
                                 dxconf   ->   dxconf1 dxconf2 ... dxconf4
                                    src   ->   src1 src2 ... src4
                                  cstum   ->   cstum1 cstum2 ... cstum4
                                  nosrg   ->   nosrg1 nosrg2 ... nosrg4
                                    rad   ->   rad1 rad2 ... rad4
                                 radbrn   ->   radbrn1 radbrn2 ... radbrn4
                                radsurg   ->   radsurg1 radsurg2 ... radsurg4
                                 sssurg   ->   sssurg1 sssurg2 ... sssurg4
                                 sxscop   ->   sxscop1 sxscop2 ... sxscop4
                                 sxsite   ->   sxsite1 sxsite2 ... sxsite4
                                 typefu   ->   typefu1 typefu2 ... typefu4
                               siterwho   ->   siterwho1 siterwho2 ... siterwho4
                               behtrend   ->   behtrend1 behtrend2 ... behtrend4
                                  hstst   ->   hstst1 hstst2 ... hstst4
                                ajccstg   ->   ajccstg1 ajccstg2 ... ajccstg4
                                  aj3sr   ->   aj3sr1 aj3sr2 ... aj3sr4
                                frstprm   ->   frstprm1 frstprm2 ... frstprm4
                                 summ2k   ->   summ2k1 summ2k2 ... summ2k4
                                 vsrtdx   ->   vsrtdx1 vsrtdx2 ... vsrtdx4
                                intprim   ->   intprim1 intprim2 ... intprim4
                                   srvm   ->   srvm1 srvm2 ... srvm4
                               srvmflag   ->   srvmflag1 srvmflag2 ... srvmflag4
                                 yearrx   ->   yearrx1 yearrx2 ... yearrx4
-----------------------------------------------------------------------------

. isid patient_id

. order patient_id diag_dt* agedx* hist2_* histrec* hist*

. * how many patients are there?
. count
  271,892

. 
. * show those w multiple dgn at top
. sort diag_dt4 diag_dt3 diag_dt2

. 
. * group histology categories based on hist + beh (morphology from ICD-O-3 of histology and beh)
. forval i = 1/4 {
  2.         tab histbeh`i'
  3.         capture drop hist_cat`i'
  4.         gen hist_cat`i' = ""
  5.         replace hist_cat`i' = "AD" if inlist(hist`i', 8140, 8141, 8143)
  6.         replace hist_cat`i' = "SQ" if inrange(hist`i', 8070, 8076)
  7.         replace hist_cat`i' = "SC" if inrange(hist`i', 8041, 8045)
  8.         replace hist_cat`i' = "LC" if inrange(hist`i', 8012, 8014)
  9.         replace hist_cat`i' = "BAC" if inrange(hist`i', 8250, 8255)
 10.         replace hist_cat`i' = "CARCINOID" if inlist(hist`i', 8240)
 11.         replace hist_cat`i' = "CARCINOMA, NOS" if inlist(hist`i',8010,8011, 8015)
 12.         // replace hist_cat`i' = "neoplasm, malignant" if inlist(hist`i', 8000)         categorize as other
.         // replace hist_cat`i' = "nSC" if inlist(hist`i', 8046)                                                 
> categorize as other
.         replace hist_cat`i' = "OTH" if hist_cat`i' == ""
 13.         tab hist_cat`i'
 14.         encode hist_cat`i', gen(hist_cat`i'_)
 15.         drop hist_cat`i' 
 16.         rename hist_cat`i'_ hist_cat`i'
 17. }

                              1 histbeh |      Freq.     Percent        Cum.
----------------------------------------+-----------------------------------
                  Acinar cell carcinoma |        883        0.32        0.32
         Acinar cell cystadenocarcinoma |          1        0.00        0.33
                   Adenocarcinoid tumor |          8        0.00        0.33
            Adenocarcinoma in situ, NOS |         63        0.02        0.35
Adenocarcinoma in tubulovillous adenoma |          4        0.00        0.35
Adenocarcinoma with cartilaginous and o |          1        0.00        0.35
     Adenocarcinoma with mixed subtypes |      1,881        0.69        1.05
Adenocarcinoma with neuroendocrine diff |        105        0.04        1.08
Adenocarcinoma with spindle cell metapl |          3        0.00        1.08
Adenocarcinoma with squamous metaplasia |          9        0.00        1.09
                    Adenocarcinoma, NOS |     72,540       26.68       27.77
        Adenocarcinoma, intestinal type |          5        0.00       27.77
               Adenoid cystic carcinoma |         37        0.01       27.79
                           Adenosarcoma |          1        0.00       27.79
                Adenosquamous carcinoma |      2,669        0.98       28.77
                Alveolar adenocarcinoma |         42        0.02       28.78
              Alveolar rhabdomyosarcoma |          1        0.00       28.78
                        Angiomyosarcoma |          1        0.00       28.79
               Atypical carcinoid tumor |        165        0.06       28.85
                     Basaloid carcinoma |         45        0.02       28.86
       Basaloid squamous cell carcinoma |        151        0.06       28.92
                 Basosquamous carcinoma |          3        0.00       28.92
Bronchiolo-alveolar adenocarcinoma, NOS |      5,799        2.13       31.05
Bronchiolo-alveolar carcinoma, mixed mu |         73        0.03       31.08
Bronchiolo-alveolar carcinoma, mucinous |        639        0.24       31.31
Bronchiolo-alveolar carcinoma, non- muc |        533        0.20       31.51
                   Carcinoid tumor, NOS |      1,804        0.66       32.17
                 Carcinoma in situ, NOS |         26        0.01       32.18
                      Carcinoma simplex |          1        0.00       32.18
Carcinoma with osteoclast-like giant ce |          2        0.00       32.18
                         Carcinoma, NOS |     22,110        8.13       40.32
             Carcinoma, anaplastic, NOS |         70        0.03       40.34
                Carcinoma, diffuse type |          1        0.00       40.34
       Carcinoma, undifferentiated, NOS |        254        0.09       40.44
                    Carcinosarcoma, NOS |        110        0.04       40.48
                    Chondrosarcoma, NOS |          1        0.00       40.48
                   Choriocarcinoma, NOS |          2        0.00       40.48
         Clear cell adenocarcinoma, NOS |        259        0.10       40.57
          Combined small cell carcinoma |        638        0.23       40.81
                    Composite carcinoid |         11        0.00       40.81
              Cribriform carcinoma, NOS |          3        0.00       40.81
        Enterochromaffin cell carcinoid |          1        0.00       40.81
     Epithelial-myoepithelial carcinoma |          2        0.00       40.81
Epithelioid hemangioendothelioma, malig |          9        0.00       40.82
             Epithelioid leiomyosarcoma |          1        0.00       40.82
                    Epithelioid sarcoma |          5        0.00       40.82
                 Epithelioma, malignant |          3        0.00       40.82
                   Fetal adenocarcinoma |          5        0.00       40.82
                       Fibromyxosarcoma |          1        0.00       40.82
                      Fibrosarcoma, NOS |          4        0.00       40.83
  Giant cell and spindle cell carcinoma |         16        0.01       40.83
                   Giant cell carcinoma |        159        0.06       40.89
                     Giant cell sarcoma |         12        0.00       40.89
                  Glassy cell carcinoma |          3        0.00       40.90
                Granular cell carcinoma |          2        0.00       40.90
        Hemangioendothelioma, malignant |          2        0.00       40.90
          Hemangiopericytoma, malignant |          1        0.00       40.90
                        Hemangiosarcoma |         21        0.01       40.90
                Hepatoid adenocarcinoma |          9        0.00       40.91
Large cell carcinoma with rhabdoid phen |          9        0.00       40.91
              Large cell carcinoma, NOS |      6,412        2.36       43.27
    Large cell neuroendocrine carcinoma |      1,202        0.44       43.71
                    Leiomyosarcoma, NOS |         36        0.01       43.73
             Lymphoepithelial carcinoma |         17        0.01       43.73
         Malignant fibrous histiocytoma |         15        0.01       43.74
                Malignant melanoma, NOS |         11        0.00       43.74
               Malignant myoepithelioma |          1        0.00       43.74
Malignant peripheral nerve sheath tumor |          5        0.00       43.74
               Malignant rhabdoid tumor |          3        0.00       43.74
       Malignant tumor, giant cell type |          7        0.00       43.75
       Malignant tumor, small cell type |         11        0.00       43.75
     Malignant tumor, spindle cell type |         17        0.01       43.76
                  Merkel cell carcinoma |          2        0.00       43.76
             Metaplastic carcinoma, NOS |          6        0.00       43.76
                  Metatypical carcinoma |          1        0.00       43.76
              Mixed cell adenocarcinoma |        119        0.04       43.80
Mixed epithelioid and spindle cell mela |          1        0.00       43.80
            Mixed tumor, malignant, NOS |          2        0.00       43.81
            Mixed type rhabdomyosarcoma |          1        0.00       43.81
         Mucin-producing adenocarcinoma |      1,008        0.37       44.18
                Mucinous adenocarcinoma |      1,562        0.57       44.75
       Mucinous cystadenocarcinoma, NOS |          5        0.00       44.75
               Mucoepidermoid carcinoma |         52        0.02       44.77
                  Myxoid chondrosarcoma |          3        0.00       44.77
                  Myxoid leiomyosarcoma |          1        0.00       44.77
                     Myxoid liposarcoma |          1        0.00       44.77
                            Myxosarcoma |          2        0.00       44.77
                    Neoplasm, malignant |     25,319        9.31       54.09
          Neuroendocrine carcinoma, NOS |      2,989        1.10       55.19
               Non-small cell carcinoma |     31,410       11.55       66.74
   Nonencapsulated sclerosing carcinoma |          1        0.00       66.74
                     Oat cell carcinoma |      1,631        0.60       67.34
                Olfactory neuroblastoma |          1        0.00       67.34
                      Osteosarcoma, NOS |          6        0.00       67.34
               Oxyphilic adenocarcinoma |          4        0.00       67.35
          Papillary adenocarcinoma, NOS |      1,133        0.42       67.76
               Papillary carcinoma, NOS |         98        0.04       67.80
Papillary carcinoma, follicular variant |          1        0.00       67.80
    Papillary carcinoma, oxyphilic cell |          1        0.00       67.80
    Papillary serous cystadenocarcinoma |          1        0.00       67.80
      Papillary squamous cell carcinoma |         44        0.02       67.82
Papillary squamous cell carcinoma,  non |          1        0.00       67.82
       Peripheral neuroectodermal tumor |          4        0.00       67.82
                  Pleomorphic carcinoma |        160        0.06       67.88
Pleomorphic rhabdomyosarcoma, adult typ |          1        0.00       67.88
               Polygonal cell carcinoma |          2        0.00       67.88
   Primitive neuroectodermal tumor, NOS |          3        0.00       67.88
            Pseudosarcomatous carcinoma |        472        0.17       68.05
                     Pulmonary blastoma |         15        0.01       68.06
              Renal cell carcinoma, NOS |          1        0.00       68.06
                  Rhabdomyosarcoma, NOS |          5        0.00       68.06
                           Sarcoma, NOS |         92        0.03       68.09
               Scirrhous adenocarcinoma |          5        0.00       68.10
         Serous cystadenocarcinoma, NOS |          1        0.00       68.10
             Signet ring cell carcinoma |        250        0.09       68.19
              Small cell carcinoma, NOS |     30,088       11.07       79.26
    Small cell carcinoma, fusiform cell |         20        0.01       79.26
Small cell carcinoma, intermediate cell |        247        0.09       79.35
                     Small cell sarcoma |          4        0.00       79.36
                   Solid carcinoma, NOS |         39        0.01       79.37
      Solitary fibrous tumor, malignant |         34        0.01       79.38
            Spindle cell carcinoma, NOS |        261        0.10       79.48
             Spindle cell melanoma, NOS |          1        0.00       79.48
                   Spindle cell sarcoma |         43        0.02       79.49
   Squamous cell carcinoma in situ, NOS |        138        0.05       79.55
Squamous cell carcinoma with horn forma |          4        0.00       79.55
           Squamous cell carcinoma, NOS |     50,377       18.53       98.08
       Squamous cell carcinoma, adenoid |          8        0.00       98.08
Squamous cell carcinoma, clear cell typ |         44        0.02       98.10
Squamous cell carcinoma, keratinizing,  |      3,449        1.27       99.37
Squamous cell carcinoma, large cell, no |      1,329        0.49       99.85
 Squamous cell carcinoma, microinvasive |          3        0.00       99.86
Squamous cell carcinoma, small cell, no |         72        0.03       99.88
  Squamous cell carcinoma, spindle cell |        169        0.06       99.94
                   Stromal sarcoma, NOS |          1        0.00       99.94
                  Synovial sarcoma, NOS |         12        0.00       99.95
         Synovial sarcoma, spindle cell |          5        0.00       99.95
                Thymoma, malignant, NOS |          1        0.00       99.95
            Thymoma, type B3, malignant |          1        0.00       99.95
       Transitional cell carcinoma, NOS |          1        0.00       99.95
                 Tubular adenocarcinoma |          1        0.00       99.95
                 Tumor cells, malignant |        124        0.05      100.00
               Undifferentiated sarcoma |          3        0.00      100.00
               Verrucous carcinoma, NOS |          2        0.00      100.00
----------------------------------------+-----------------------------------
                                  Total |    271,854      100.00
(271,892 missing values generated)
variable hist_cat1 was str1 now str2
(72,608 real changes made)
(55,547 real changes made)
(32,624 real changes made)
(7,623 real changes made)
variable hist_cat1 was str2 now str3
(8,984 real changes made)
variable hist_cat1 was str3 now str9
(1,807 real changes made)
variable hist_cat1 was str9 now str14
(22,142 real changes made)
(70,557 real changes made)

     hist_cat1 |      Freq.     Percent        Cum.
---------------+-----------------------------------
            AD |     72,608       26.70       26.70
           BAC |      8,984        3.30       30.01
     CARCINOID |      1,807        0.66       30.67
CARCINOMA, NOS |     22,142        8.14       38.82
            LC |      7,623        2.80       41.62
           OTH |     70,557       25.95       67.57
            SC |     32,624       12.00       79.57
            SQ |     55,547       20.43      100.00
---------------+-----------------------------------
         Total |    271,892      100.00

                              2 histbeh |      Freq.     Percent        Cum.
----------------------------------------+-----------------------------------
                  Acinar cell carcinoma |         61        1.01        1.01
            Adenocarcinoma in situ, NOS |         16        0.27        1.28
     Adenocarcinoma with mixed subtypes |        138        2.29        3.57
Adenocarcinoma with neuroendocrine diff |          2        0.03        3.60
                    Adenocarcinoma, NOS |      1,690       28.07       31.68
                Adenosquamous carcinoma |         88        1.46       33.14
                Alveolar adenocarcinoma |          1        0.02       33.16
               Atypical carcinoid tumor |         10        0.17       33.32
                     Basaloid carcinoma |          1        0.02       33.34
       Basaloid squamous cell carcinoma |         11        0.18       33.52
Bronchiolo-alveolar adenocarcinoma, NOS |        383        6.36       39.88
Bronchiolo-alveolar carcinoma, mixed mu |          4        0.07       39.95
Bronchiolo-alveolar carcinoma, mucinous |         25        0.42       40.37
Bronchiolo-alveolar carcinoma, non- muc |         64        1.06       41.43
                   Carcinoid tumor, NOS |        189        3.14       44.57
                 Carcinoma in situ, NOS |          1        0.02       44.58
                         Carcinoma, NOS |        274        4.55       49.14
             Carcinoma, anaplastic, NOS |          1        0.02       49.15
       Carcinoma, undifferentiated, NOS |          2        0.03       49.19
                    Carcinosarcoma, NOS |          2        0.03       49.22
         Clear cell adenocarcinoma, NOS |          5        0.08       49.30
          Combined small cell carcinoma |         20        0.33       49.63
                    Composite carcinoid |          1        0.02       49.65
              Cribriform carcinoma, NOS |          1        0.02       49.67
              Large cell carcinoma, NOS |         60        1.00       50.66
    Large cell neuroendocrine carcinoma |         37        0.61       51.28
                Malignant melanoma, NOS |          1        0.02       51.30
              Mixed cell adenocarcinoma |          3        0.05       51.35
         Mucin-producing adenocarcinoma |         16        0.27       51.61
                Mucinous adenocarcinoma |         65        1.08       52.69
       Mucinous cystadenocarcinoma, NOS |          1        0.02       52.71
               Mucoepidermoid carcinoma |          2        0.03       52.74
                    Neoplasm, malignant |        299        4.97       57.71
          Neuroendocrine carcinoma, NOS |         70        1.16       58.87
               Non-small cell carcinoma |        500        8.31       67.18
                     Oat cell carcinoma |         13        0.22       67.39
               Oxyphilic adenocarcinoma |          1        0.02       67.41
          Papillary adenocarcinoma, NOS |         66        1.10       68.50
               Papillary carcinoma, NOS |          2        0.03       68.54
      Papillary squamous cell carcinoma |          2        0.03       68.57
                  Pleomorphic carcinoma |          3        0.05       68.62
            Pseudosarcomatous carcinoma |         11        0.18       68.80
                           Sarcoma, NOS |          2        0.03       68.84
             Signet ring cell carcinoma |          2        0.03       68.87
              Small cell carcinoma, NOS |        403        6.69       75.56
Small cell carcinoma, intermediate cell |          2        0.03       75.60
                   Solid carcinoma, NOS |          3        0.05       75.65
            Spindle cell carcinoma, NOS |          2        0.03       75.68
   Squamous cell carcinoma in situ, NOS |         20        0.33       76.01
           Squamous cell carcinoma, NOS |      1,324       21.99       98.01
       Squamous cell carcinoma, adenoid |          2        0.03       98.04
Squamous cell carcinoma, clear cell typ |          3        0.05       98.09
Squamous cell carcinoma, keratinizing,  |         86        1.43       99.52
Squamous cell carcinoma, large cell, no |         24        0.40       99.92
 Squamous cell carcinoma, microinvasive |          1        0.02       99.93
Squamous cell carcinoma, small cell, no |          1        0.02       99.95
  Squamous cell carcinoma, spindle cell |          2        0.03       99.98
                 Tumor cells, malignant |          1        0.02      100.00
----------------------------------------+-----------------------------------
                                  Total |      6,020      100.00
(271,892 missing values generated)
variable hist_cat2 was str1 now str2
(1,706 real changes made)
(1,460 real changes made)
(438 real changes made)
(97 real changes made)
variable hist_cat2 was str2 now str3
(622 real changes made)
variable hist_cat2 was str3 now str9
(189 real changes made)
variable hist_cat2 was str9 now str14
(275 real changes made)
(267,105 real changes made)

     hist_cat2 |      Freq.     Percent        Cum.
---------------+-----------------------------------
            AD |      1,706        0.63        0.63
           BAC |        622        0.23        0.86
     CARCINOID |        189        0.07        0.93
CARCINOMA, NOS |        275        0.10        1.03
            LC |         97        0.04        1.06
           OTH |    267,105       98.24       99.30
            SC |        438        0.16       99.46
            SQ |      1,460        0.54      100.00
---------------+-----------------------------------
         Total |    271,892      100.00

                              3 histbeh |      Freq.     Percent        Cum.
----------------------------------------+-----------------------------------
                  Acinar cell carcinoma |         10        3.51        3.51
            Adenocarcinoma in situ, NOS |          1        0.35        3.86
     Adenocarcinoma with mixed subtypes |         11        3.86        7.72
                    Adenocarcinoma, NOS |         83       29.12       36.84
                Adenosquamous carcinoma |          5        1.75       38.60
Bronchiolo-alveolar adenocarcinoma, NOS |         13        4.56       43.16
Bronchiolo-alveolar carcinoma, mixed mu |          1        0.35       43.51
Bronchiolo-alveolar carcinoma, non- muc |          2        0.70       44.21
                   Carcinoid tumor, NOS |         11        3.86       48.07
                         Carcinoma, NOS |         11        3.86       51.93
         Clear cell adenocarcinoma, NOS |          1        0.35       52.28
              Large cell carcinoma, NOS |          1        0.35       52.63
    Large cell neuroendocrine carcinoma |          3        1.05       53.68
         Mucin-producing adenocarcinoma |          2        0.70       54.39
                Mucinous adenocarcinoma |          3        1.05       55.44
                    Neoplasm, malignant |         12        4.21       59.65
          Neuroendocrine carcinoma, NOS |          2        0.70       60.35
               Non-small cell carcinoma |         19        6.67       67.02
          Papillary adenocarcinoma, NOS |          3        1.05       68.07
  Papillary mucinous cystadenocarcinoma |          1        0.35       68.42
              Small cell carcinoma, NOS |         15        5.26       73.68
   Squamous cell carcinoma in situ, NOS |          1        0.35       74.04
           Squamous cell carcinoma, NOS |         68       23.86       97.89
Squamous cell carcinoma, keratinizing,  |          4        1.40       99.30
Squamous cell carcinoma, large cell, no |          1        0.35       99.65
  Squamous cell carcinoma, spindle cell |          1        0.35      100.00
----------------------------------------+-----------------------------------
                                  Total |        285      100.00
(271,892 missing values generated)
variable hist_cat3 was str1 now str2
(84 real changes made)
(76 real changes made)
(15 real changes made)
(4 real changes made)
variable hist_cat3 was str2 now str3
(27 real changes made)
variable hist_cat3 was str3 now str9
(11 real changes made)
variable hist_cat3 was str9 now str14
(11 real changes made)
(271,664 real changes made)

     hist_cat3 |      Freq.     Percent        Cum.
---------------+-----------------------------------
            AD |         84        0.03        0.03
           BAC |         27        0.01        0.04
     CARCINOID |         11        0.00        0.04
CARCINOMA, NOS |         11        0.00        0.05
            LC |          4        0.00        0.05
           OTH |    271,664       99.92       99.97
            SC |         15        0.01       99.97
            SQ |         76        0.03      100.00
---------------+-----------------------------------
         Total |    271,892      100.00

                              4 histbeh |      Freq.     Percent        Cum.
----------------------------------------+-----------------------------------
     Adenocarcinoma with mixed subtypes |          2       11.11       11.11
                    Adenocarcinoma, NOS |          4       22.22       33.33
                Adenosquamous carcinoma |          1        5.56       38.89
                   Carcinoid tumor, NOS |          1        5.56       44.44
                         Carcinoma, NOS |          1        5.56       50.00
                Mucinous adenocarcinoma |          1        5.56       55.56
               Non-small cell carcinoma |          3       16.67       72.22
              Small cell carcinoma, NOS |          3       16.67       88.89
           Squamous cell carcinoma, NOS |          2       11.11      100.00
----------------------------------------+-----------------------------------
                                  Total |         18      100.00
(271,892 missing values generated)
variable hist_cat4 was str1 now str2
(4 real changes made)
(2 real changes made)
(3 real changes made)
(0 real changes made)
variable hist_cat4 was str2 now str3
(2 real changes made)
variable hist_cat4 was str3 now str9
(1 real change made)
variable hist_cat4 was str9 now str14
(1 real change made)
(271,879 real changes made)

     hist_cat4 |      Freq.     Percent        Cum.
---------------+-----------------------------------
            AD |          4        0.00        0.00
           BAC |          2        0.00        0.00
     CARCINOID |          1        0.00        0.00
CARCINOMA, NOS |          1        0.00        0.00
           OTH |    271,879      100.00      100.00
            SC |          3        0.00      100.00
            SQ |          2        0.00      100.00
---------------+-----------------------------------
         Total |    271,892      100.00

. 
. 
. 
. 
. * define aj3sr
. label define aj3sr 0 "in situ" 10 "I" 11 "IA" 12 "IB" 13 "IC" 19 "I, NOS" 20 "II" 21 "IIA" 22 "IIB" 23 "IIC" 29 
> "II, NOS" 30 "III" 31 "IIIA" 32 "IIIB" 33 "IIIC" 39 "III, NOS" 40 "IV" 41 "IVA" 42 "IVB" 49 "IV, NOS" 90 "unstag
> ed" 98 "na"

. label values aj3sr1 aj3sr

. 
. * define grade
. label define grade 1 "grade I" 2 "grade II" 3 "grade III" 4 "grade IV" 5 "T-cell" 6 "B-cell" 7 "Null cell" 8 "NK
>  cell" 9 "cell type not determined"

. label values grade1 grade

. 
. * define laterality
. label define lat 0 "not paired site" 1 "right" 2 "left" 3 "only one side involved, R/L unspecified" 4 "bilateral
>  involvement" 5 "paired site, midline" 9 "paired site, but no laterality info"

. label values lat1 lat

. 
. * relabel vars
. label var agedx1 "Age at index LC"

. label var frstprm1 "First primary malignant"

. label var hist_cat1 "histology at index LC"

. label var hist_cat2 "histology at 2nd LC"

. label var hist_cat3 "histology at 3rd LC"

. label var hist_cat4 "histology at 4th LC"

. label var histrec1 "histology"

. label var lat1 "laterality" 

. label var yrdx_1 "year of diagnosis"

. label var aj3sr1 "SEER modified AJCC stage 3ed"

. label var grade1 "Grade"

. label var e10sz1 "Tumor size"

. label var e10ex1 "Extension"

. label var e10pe1 "Extension prostate path"

. label var e10nd1 "Lymph node involvement"

. label var e10ne1 "Regional nodes examined"

. label var e10pn1 "Regional nodes positive"

. 
. 
. 
. * ------------------------------------------------------------------
. * merge in the chronic conditions now, by patient ID and year of dgn
. * takes a while to merge *****
. *
. * COMORBIDITIES: (Dutkowska, Antczak 2016)
. * COPD, Pneumonia, Silicosis, Residual TB
. * hypertension, coronary artery disease, 
. * peripheral vascular disease, arrhythmia, 
. * abdominal aortic aneurysm,
. * ischemic heart disease, cerebrovascular disease
. * chronic obstructive pulmonary disease (COPD)
. * diabetes mellitus (DM)
. 
. gen bene_enrollmt_ref_yr = yrdx_1

. merge m:1 patient_id bene_enrollmt_ref_yr using "/Volumes/QSU/Datasets/SEER_medicare/CCflag/CCflag_small.dta", /
> //
>         keepusing(ami asthma atrial_fib chf copd diabetes hypert ischemicheart stroke_tia)

    Result                           # of obs.
    -----------------------------------------
    not matched                    16,488,039
        from master                    89,326  (_merge==1)
        from using                 16,398,713  (_merge==2)

    matched                           182,566  (_merge==3)
    -----------------------------------------

. 
. drop if _merge == 2
(16,398,713 observations deleted)

. drop _merge

. drop bene_enrollmt_ref_yr

. 
. * ----------------------------------------
. * ascertain 2nd PLC:
. * if hist2 is different from hist 1, it's 2PLC
. * else: (hist 2 is same)
. *    if diag_dt2 > 2yrs, it's 2PLC
. *    else: (hist2 same, diag_dt2 too soon)
. *         if hist3 different from hist1, it's 2PLC
. *         else (hist3 is same)
. *              if diag_dt3 > 2yrs, it's 2PLC
. *              else: (hist3 same & diag3 too soon)
. *                    if hist4 different from hist1, it's 2PLC
. *                                        else (hist4 is same)
. //                                            if diag_dt4 > 2hrs, it's 2PLC
. //                                                else: hist4 same, & diag_dt4 too soon - not 2PLC
. 
. * the date of SPLC
. capture drop splc_dt

. gen splc_dt = .
(271,892 missing values generated)

. label var splc_dt "2nd primary lung cancer if histology result differs from index tumor, or if same, if dgn > 2y
> rs after"
note: label truncated to 80 characters

. format %td splc_dt

. 
. 
. order patient_id splc_dt

. * ------------------------------------------------------------------------------
. * if hist_cat2 is different from hist_cat1, it's 2PLC 
. replace splc_dt = diag_dt2       if hist_cat2 != hist_cat1 & !missing(diag_dt2)
(3,847 real changes made)

. * if hist2 == hist1, but it's 2yrs later, it's 2PLC
. replace splc_dt = diag_dt2       if hist_cat2 == hist_cat1 & diag_dt2 >= diag_dt1+365*2 & !missing(diag_dt2)
(909 real changes made)

. * if 2PLC not found in diag_dt2, look in diag_dt3
. replace splc_dt = diag_dt3       if hist_cat3 != hist_cat1 & !missing(diag_dt3) & missing(splc_dt)
(37 real changes made)

. replace splc_dt = diag_dt3       if hist_cat3 == hist_cat1 & diag_dt3 >= diag_dt1+365*2 & !missing(diag_dt3) & m
> issing(splc_dt)
(15 real changes made)

. * if 2PLC not found in diag_dt3, look in diag_dt4
. replace splc_dt = diag_dt4       if hist_cat4 != hist_cat1 & !missing(diag_dt4) & missing(splc_dt)
(0 real changes made)

. replace splc_dt = diag_dt4       if hist_cat4 == hist_cat1 & diag_dt4 >= diag_dt1+365*2 & !missing(diag_dt4) & m
> issing(splc_dt)
(0 real changes made)

. 
. * merge in FIPS codes of state
. rename state fips

. merge m:1 fips using "/Users/echow/QSU/SEER-medicare/data/state_fips.dta", keepusing(state)

    Result                           # of obs.
    -----------------------------------------
    not matched                            43
        from master                         0  (_merge==1)
        from using                         43  (_merge==2)

    matched                           271,892  (_merge==3)
    -----------------------------------------

. drop if _merge == 2
(43 observations deleted)

. drop _merge

. 
. * encode state
. encode state, gen(state_)

. drop state

. rename state_ state

. tab state

      state |      Freq.     Percent        Cum.
------------+-----------------------------------
         CA |     73,465       27.02       27.02
         CT |     16,346        6.01       33.03
         GA |     35,022       12.88       45.91
         HI |      2,948        1.08       47.00
         IA |     15,960        5.87       52.87
         KY |     28,163       10.36       63.23
         LA |     19,118        7.03       70.26
         MI |     19,709        7.25       77.51
         NJ |     37,762       13.89       91.39
         NM |      5,446        2.00       93.40
         UT |      3,167        1.16       94.56
         WA |     14,786        5.44      100.00
------------+-----------------------------------
      Total |    271,892      100.00

. 
. 
. * define treatment *
. 
. * label radsurg
. label var radsurg1 "for patients who had BOTH surgery and radiation, the order of surgery/radiation"

. label define radsurg 0 "No radiation and/or surgery as defined above" 2 "Radiation before surgery" 3 "Radiation 
> after surgery" 4 "Radiation both before and after surgery" 5 "Intraoperative radiation therapy" 6 "Intraoperativ
> e radiation with other radiation given before or after surgery" 9 "Sequence unknown, but both surgery and radiat
> ion were given"

. label values radsurg1 radsurg

. // 0 No radiation and/or surgery as defined above
. // 2 Radiation before surgery
. // 3 Radiation after surgery
. // 4 Radiation both before and after surgery
. // 5 Intraoperative radiation therapy
. // 6 Intraoperative radiation with other radiation
. // given before or after surgery
. // 9 Sequence unknown, but both surgery and
. // radiation were given
. 
. * label no surg
. label var nosrg1 "reason that surgery not performed on primary site"

. label define surg 0 "Surgery performed" 1 "Surgery not recommended" 2 "Contraindicated due to other conditions; 
> Autopsy Only case" 5 "Patient died before recommended surgery" 6 "Unknown reason for no surgery" 7 "Patient or p
> atient's guardian refused" 8 "Recommended, unknown if done" 9 "Unknown if surgery performed; Death Certificate O
> nly case" 

. label values nosrg1 surg

. // 0 Surgery performed
. // 1 Surgery not recommended
. // 2 Contraindicated due to other conditions; Autopsy Only case
. // 5 Patient died before recommended surgery
. // 6 Unknown reason for no surgery
. // 7 Patient or patient's guardian refused
. // 8 Recommended, unknown if done
. // 9 Unknown if surgery performed; Death Certificate Only case
. 
. * label rad
. label var rad1 "method of radiation therapy performed as part of the first course of treatment"

. label define rad 0 "None; diagnosed at autopsy" 1 "Beam radiation" 2 "Radioactive implants" 3 "Radioisotopes" 4 
> "Combination of 1 with 2 or 3" 5 "Radiation, NOS – method or source not specified" 6 "Other radiation (1973-1987
>  cases only)" 7 "Patient or patient’s guardian refused radiation therapy" 8 "Radiation recommended, unknown if a
> dministered" 9 "Unknown if radiation administered" 

. label values rad1 rad

. // 0 None; diagnosed at autopsy
. // 1 Beam radiation
. // 2 Radioactive implants
. // 3 Radioisotopes
. // 4 Combination of 1 with 2 or 3
. // 5 Radiation, NOS – method or source not specified
. // 6 Other radiation (1973-1987 cases only)
. // 7 Patient or patient’s guardian refused radiation therapy
. // 8 Radiation recommended, unknown if administered
. // 9 Unknown if radiation administered
. 
. * ----------------------------------------------
. * assign treatment categories
. * ----------------------------------------------
. capture drop init_tx1

. gen init_tx1 = "n/a"

. label var init_tx1 "composite of nosrg, rad, and radsurg"

. 
. replace init_tx1 = "surg only" if nosrg1 == 0 & inlist(rad1,0,7)
variable init_tx1 was str3 now str9
(45,034 real changes made)

. replace init_tx1 = "rad only"  if inlist(rad1,1,2,3,4,5,6) & !(inlist(nosrg1,  0,8,9))
(77,684 real changes made)

. replace init_tx1 = "surg, then rad"  if radsurg1 == 3
variable init_tx1 was str9 now str14
(13,479 real changes made)

. replace init_tx1 = "other surg+rad comb" if inlist(radsurg1, 2, 4, 5, 6)
variable init_tx1 was str14 now str19
(1,660 real changes made)

. replace init_tx1 = "no surg or rad" if inlist(nosrg1, 1,2,5,6,7) & inlist(rad1, 0, 7) //& init_tx1 == "n/a"
(124,416 real changes made)

. replace init_tx1 = "pt refused rad or surg" if nosrg1 == 7 & rad1 == 7
variable init_tx1 was str19 now str22
(2,095 real changes made)

. replace init_tx1 = "unknown if surg or rad done" if inlist(nosrg1, 8, 9) & inlist(rad1, 8, 9)
variable init_tx1 was str22 now str27
(10,160 real changes made)

. * look at crosstab
. tab init_tx1

   composite of nosrg, rad, |
                and radsurg |      Freq.     Percent        Cum.
----------------------------+-----------------------------------
                        n/a |      6,693        2.46        2.46
             no surg or rad |    122,321       44.99       47.45
        other surg+rad comb |      1,660        0.61       48.06
     pt refused rad or surg |      2,095        0.77       48.83
                   rad only |     70,450       25.91       74.74
                  surg only |     45,034       16.56       91.31
             surg, then rad |     13,479        4.96       96.26
unknown if surg or rad done |     10,160        3.74      100.00
----------------------------+-----------------------------------
                      Total |    271,892      100.00

. 
. * look at cases yet unclassified
. tab nosrg1 rad1 if init_tx1 == "n/a"

  reason that surgery |     method of radiation therapy performed as part of the first course of
     not performed on |                                  treatment
         primary site | None; dia  Beam radi  Radioacti  Radioisot  Combinati  Radiation  Patient o |     Total
----------------------+-----------------------------------------------------------------------------+----------
    Surgery performed |         0        243          3          1          1         10          0 |     1,301 
Surgery not recommend |         0          0          0          0          0          0          0 |     2,680 
Contraindicated due t |         0          0          0          0          0          0          0 |       329 
Patient died before r |         0          0          0          0          0          0          0 |         4 
Unknown reason for no |         0          0          0          0          0          0          0 |       442 
Patient or patient's  |         0          0          0          0          0          0          0 |       102 
Recommended, unknown  |       281        110          0          0          0         10          6 |       407 
Unknown if surgery pe |     1,051        329          0          0          3         40          5 |     1,428 
----------------------+-----------------------------------------------------------------------------+----------
                Total |     1,332        682          3          1          4         60         11 |     6,693 


                      |  method of radiation
                      | therapy performed as
  reason that surgery |   part of the first
     not performed on |  course of treatment
         primary site | Radiation  Unknown i |     Total
----------------------+----------------------+----------
    Surgery performed |       351        692 |     1,301 
Surgery not recommend |     1,349      1,331 |     2,680 
Contraindicated due t |       131        198 |       329 
Patient died before r |         1          3 |         4 
Unknown reason for no |       185        257 |       442 
Patient or patient's  |        35         67 |       102 
Recommended, unknown  |         0          0 |       407 
Unknown if surgery pe |         0          0 |     1,428 
----------------------+----------------------+----------
                Total |     2,052      2,548 |     6,693 


. * fix odd cases
. replace init_tx1 = "other surg+rad comb" if inlist(nosrg1, 0) & inlist(rad1, 1,2,3,4,5) & init_tx1 == "n/a"
(258 real changes made)

. * assume unknown if unknown surgery, and no rad
. replace init_tx1 = "unknown if surg or rad done" if inlist(nosrg1,8,9) & rad1 == 0 & init_tx1 == "n/a"
(1,332 real changes made)

. * assume unknown if unknown rad, and no surg
. replace init_tx1 = "unknown if surg or rad done" if inlist(rad1,8,9) & inlist(nosrg1,1,2,5,6) & init_tx1 == "n/a
> "
(3,455 real changes made)

. * assume rad only, if known rad, but unknown surg
. replace init_tx1 = "rad only"  if inlist(rad1,1,2,3,4,5,6) & inlist(nosrg1, 8,9) & init_tx1 == "n/a"
(492 real changes made)

. * assume surg only, if known surg, but unknown rad
. replace init_tx1 = "surg only" if inlist(nosrg1, 0) & inlist(rad1, 8,9) & init_tx1 == "n/a"
(1,043 real changes made)

. * assume refusal if surg or rad refused, and rad or surg unknown
. replace init_tx1 = "pt refused rad or surg" if inlist(nosrg1, 7) & inlist(rad1, 8,9)  & init_tx1 == "n/a"
(102 real changes made)

. replace init_tx1 = "pt refused rad or surg" if inlist(nosrg1, 8,9) & inlist(rad1, 7)  & init_tx1 == "n/a"
(11 real changes made)

. 
. * look at crosstab
. tab init_tx1

   composite of nosrg, rad, |
                and radsurg |      Freq.     Percent        Cum.
----------------------------+-----------------------------------
             no surg or rad |    122,321       44.99       44.99
        other surg+rad comb |      1,918        0.71       45.69
     pt refused rad or surg |      2,208        0.81       46.51
                   rad only |     70,942       26.09       72.60
                  surg only |     46,077       16.95       89.55
             surg, then rad |     13,479        4.96       94.50
unknown if surg or rad done |     14,947        5.50      100.00
----------------------------+-----------------------------------
                      Total |    271,892      100.00

. encode init_tx1, gen(init_tx1_)

. drop init_tx1

. rename init_tx1_ init_tx1

. 
. * age categories for table 1
. hist agedx1, bin(21)  // this is the most normal data I have ever seen.
(bin=21, start=65, width=2)

. egen agedx1_cat = cut(agedx1), at(65,70,75,80,85,90,95)
(1595 missing values generated)

. 
. * fix weird tumor sizes
. replace e10sz1 = . if e10sz1 == 999
(30,278 real changes made, 30,278 to missing)

. 
. * if cov = C34, malignant neoplasm of bronchus and lung
. gen death_lc = 1 if substr(cod10v,1,3) == "C34" & !missing(med_death_dt)
(81,127 missing values generated)

. replace death_lc = 0 if substr(cod10v,1,3) != "C34" & !missing(med_death_dt)
(57,580 real changes made)

. 
. 
. 
. 
. * ----------------------------------------------
. * ascertain outcome: 
. * 0 censorship at end of study td(31Dec2013)
. * 1 second primary lung cancer
. * 2 death due to malignant neoplasm of bronchus/lung
. * 3 death due to other causes
. codebook diag_dt1

------------------------------------------------------------------------------------------------------------------
diag_dt1                                                                                                 1 diag_dt
------------------------------------------------------------------------------------------------------------------

                  type:  numeric daily date (float)

                 range:  [14624,19707]                units:  1
       or equivalently:  [15jan2000,15dec2013]        units:  days
         unique values:  168                      missing .:  0/271,892

                  mean:   17164.6 = 29dec2006 (+ 15 hours)
              std. dev:   1447.72

           percentiles:        10%       25%       50%       75%       90%
                             15171     15932     17150     18397     19189
                         15jul2001 15aug2003 15dec2006 15may2010 15jul2012

. capture drop outcome

. gen outcome = 1 if !missing(splc_dt)  // 2PLC - BUT problematic if they were diagnosed when the died
(267,084 missing values generated)

.                                                                           // ie: it was only found out that they
>  had 2PLC after death,
.                                                                           // so the actual diagnosis or start of
>  2PLC is unknown
. replace outcome = 2 if !missing(med_death_dt) & death_lc == 1
(190,765 real changes made)

. replace outcome = 3 if !missing(med_death_dt) & death_lc == 0
(57,580 real changes made)

. 
. 
. replace outcome = . if (!missing(med_death_dt) & (med_death_dt <= diag_dt1))  
(8,885 real changes made, 8,885 to missing)

. replace outcome = . if !missing(splc_dt) & !missing(med_death_dt) & (med_death_dt <= splc_dt)
(24 real changes made, 24 to missing)

. 
. replace outcome = 0 if missing(splc_dt) & missing(med_death_dt)
(22,574 real changes made)

. tab outcome

    outcome |      Freq.     Percent        Cum.
------------+-----------------------------------
          0 |     22,574        8.58        8.58
          1 |        973        0.37        8.95
          2 |    183,825       69.90       78.85
          3 |     55,611       21.15      100.00
------------+-----------------------------------
      Total |    262,983      100.00

. 
. order patient_id outcome diag_dt1 splc_dt med_death_dt death_lc

. 
. 
. 
. * create a flag if there is a 2nd primary lung cancer
. capture drop splc_flg

. gen splc_flg = 0

. replace splc_flg = 1 if !missing(splc_dt)
(4,808 real changes made)

. tab splc_flg

   splc_flg |      Freq.     Percent        Cum.
------------+-----------------------------------
          0 |    267,084       98.23       98.23
          1 |      4,808        1.77      100.00
------------+-----------------------------------
      Total |    271,892      100.00

. 
. * ------------------------------------------------------------------------------
. * save an analytical cohort
. saveold "/Volumes/QSU/Datasets/SEER_medicare/data/splc", v(12) replace
(saving in Stata 12 format, which can be read by Stata 11 or 12)
file /Volumes/QSU/Datasets/SEER_medicare/data/splc.dta saved

. 
end of do-file

. count
  271,892

. do "/var/folders/x2/gkyq3hbx5219h68lwx_tsv540000gn/T//SD01408.000000"

. label define outcome 0 "censored at EOS" 1 "SPLC" 2 "Death due to malig of bronchus/lung" 3 "Death due to other 
> cause"

. 
end of do-file

. do "/var/folders/x2/gkyq3hbx5219h68lwx_tsv540000gn/T//SD01408.000000"

. label values outcome outcome

. 
end of do-file

. do "/var/folders/x2/gkyq3hbx5219h68lwx_tsv540000gn/T//SD01408.000000"

. tab outcome

                            outcome |      Freq.     Percent        Cum.
------------------------------------+-----------------------------------
                    censored at EOS |     22,574        8.58        8.58
                               SPLC |        973        0.37        8.95
Death due to malig of bronchus/lung |    183,825       69.90       78.85
           Death due to other cause |     55,611       21.15      100.00
------------------------------------+-----------------------------------
                              Total |    262,983      100.00

. 
end of do-file

. do "/var/folders/x2/gkyq3hbx5219h68lwx_tsv540000gn/T//SD01408.000000"

. tab outcome if rad1 != 0 // exclude None; diagnosed at autopsy

                            outcome |      Freq.     Percent        Cum.
------------------------------------+-----------------------------------
                    censored at EOS |      5,704        5.55        5.55
                               SPLC |        164        0.16        5.71
Death due to malig of bronchus/lung |     78,709       76.65       82.36
           Death due to other cause |     18,111       17.64      100.00
------------------------------------+-----------------------------------
                              Total |    102,688      100.00

. 
end of do-file

. do "/var/folders/x2/gkyq3hbx5219h68lwx_tsv540000gn/T//SD01408.000000"

. tab splc_flg if rad1 != 0 // exclude None; diagnosed at autopsy

   splc_flg |      Freq.     Percent        Cum.
------------+-----------------------------------
          0 |    105,470       98.83       98.83
          1 |      1,251        1.17      100.00
------------+-----------------------------------
      Total |    106,721      100.00

. 
end of do-file

. do "/var/folders/x2/gkyq3hbx5219h68lwx_tsv540000gn/T//SD01408.000000"

. capture drop outcome

. gen outcome = 1 if !missing(splc_dt)  // 2PLC - BUT problematic if they were diagnosed when the died
(267,084 missing values generated)

.                                                                           // ie: it was only found out that they
>  had 2PLC after death,
.                                                                           // so the actual diagnosis or start of
>  2PLC is unknown
. replace outcome = 2 if !missing(med_death_dt) & death_lc == 1 & missing(outcome)
(188,127 real changes made)

. replace outcome = 3 if !missing(med_death_dt) & death_lc == 0 & missing(outcome)
(56,383 real changes made)

. replace outcome = . if (!missing(med_death_dt) & (med_death_dt <= diag_dt1))  
(8,885 real changes made, 8,885 to missing)

. replace outcome = . if !missing(splc_dt) & !missing(med_death_dt) & (med_death_dt <= splc_dt)
(24 real changes made, 24 to missing)

. replace outcome = 0 if missing(splc_dt) & missing(med_death_dt)
(22,574 real changes made)

. 
. label define outcome 0 "censored at EOS" 1 "SPLC" 2 "Death due to malig of bronchus/lung" 3 "Death due to other 
> cause"
label outcome already defined
r(110);

end of do-file

r(110);

. do "/var/folders/x2/gkyq3hbx5219h68lwx_tsv540000gn/T//SD01408.000000"

. label values outcome outcome

. 
end of do-file

. do "/var/folders/x2/gkyq3hbx5219h68lwx_tsv540000gn/T//SD01408.000000"

. tab outcome

                            outcome |      Freq.     Percent        Cum.
------------------------------------+-----------------------------------
                    censored at EOS |     22,574        8.58        8.58
                               SPLC |      4,775        1.82       10.40
Death due to malig of bronchus/lung |    181,208       68.90       79.30
           Death due to other cause |     54,426       20.70      100.00
------------------------------------+-----------------------------------
                              Total |    262,983      100.00

. tab outcome if rad1 != 0 // exclude None; diagnosed at autopsy

                            outcome |      Freq.     Percent        Cum.
------------------------------------+-----------------------------------
                    censored at EOS |      5,704        5.55        5.55
                               SPLC |      1,246        1.21        6.77
Death due to malig of bronchus/lung |     77,927       75.89       82.66
           Death due to other cause |     17,811       17.34      100.00
------------------------------------+-----------------------------------
                              Total |    102,688      100.00

. tab splc_flg if rad1 != 0 // exclude None; diagnosed at autopsy

   splc_flg |      Freq.     Percent        Cum.
------------+-----------------------------------
          0 |    105,470       98.83       98.83
          1 |      1,251        1.17      100.00
------------+-----------------------------------
      Total |    106,721      100.00

. 
end of do-file

. do "/var/folders/x2/gkyq3hbx5219h68lwx_tsv540000gn/T//SD01408.000000"

. capture drop outcome

. gen outcome = 1 if !missing(splc_dt)  // 2PLC - BUT problematic if they were diagnosed when the died
(267,084 missing values generated)

.                                                                           // ie: it was only found out that they
>  had 2PLC after death,
.                                                                           // so the actual diagnosis or start of
>  2PLC is unknown
. replace outcome = 2 if !missing(med_death_dt) & death_lc == 1 & outcome != 1
(188,127 real changes made)

. replace outcome = 3 if !missing(med_death_dt) & death_lc == 0 & outcome != 1
(56,383 real changes made)

. replace outcome = . if !missing(med_death_dt) & (med_death_dt <= diag_dt1)
(8,885 real changes made, 8,885 to missing)

. replace outcome = . if !missing(splc_dt) & !missing(med_death_dt) & (med_death_dt <= splc_dt) & outcome != 1
(0 real changes made)

. replace outcome = 0 if missing(splc_dt) & missing(med_death_dt)
(22,574 real changes made)

. 
end of do-file

. do "/var/folders/x2/gkyq3hbx5219h68lwx_tsv540000gn/T//SD01408.000000"

. label values outcome outcome

. 
. * look at outcome
. tab outcome

                            outcome |      Freq.     Percent        Cum.
------------------------------------+-----------------------------------
                    censored at EOS |     22,574        8.58        8.58
                               SPLC |      4,799        1.82       10.41
Death due to malig of bronchus/lung |    181,208       68.90       79.31
           Death due to other cause |     54,426       20.69      100.00
------------------------------------+-----------------------------------
                              Total |    263,007      100.00

. tab outcome if rad1 != 0 // exclude None; diagnosed at autopsy

                            outcome |      Freq.     Percent        Cum.
------------------------------------+-----------------------------------
                    censored at EOS |      5,704        5.55        5.55
                               SPLC |      1,251        1.22        6.77
Death due to malig of bronchus/lung |     77,927       75.88       82.66
           Death due to other cause |     17,811       17.34      100.00
------------------------------------+-----------------------------------
                              Total |    102,693      100.00

. tab splc_flg if rad1 != 0 // exclude None; diagnosed at autopsy

   splc_flg |      Freq.     Percent        Cum.
------------+-----------------------------------
          0 |    105,470       98.83       98.83
          1 |      1,251        1.17      100.00
------------+-----------------------------------
      Total |    106,721      100.00

. 
end of do-file

. month(td(31Jan2011))
command month is unrecognized
r(199);

. do "/var/folders/x2/gkyq3hbx5219h68lwx_tsv540000gn/T//SD01408.000000"

. tab stage
variable stage not found
r(111);

end of do-file

r(111);

. do "/var/folders/x2/gkyq3hbx5219h68lwx_tsv540000gn/T//SD01408.000000"

. tab aj3sr1 if rad1 == 0

       SEER |
   modified |
 AJCC stage |
        3ed |      Freq.     Percent        Cum.
------------+-----------------------------------
    in situ |         29        0.07        0.07
          I |     10,976       25.00       25.07
         II |      1,249        2.84       27.91
       IIIA |      3,082        7.02       34.93
       IIIB |      7,902       18.00       52.93
         IV |     15,092       34.37       87.30
   unstaged |      5,574       12.70      100.00
         99 |          1        0.00      100.00
------------+-----------------------------------
      Total |     43,905      100.00

. 
end of do-file

. do "/var/folders/x2/gkyq3hbx5219h68lwx_tsv540000gn/T//SD01408.000000"

. tab aj3sr1 rad1

      SEER |
  modified |
AJCC stage |     method of radiation therapy performed as part of the first course of treatment
       3ed | None; dia  Beam radi  Radioacti  Radioisot  Combinati  Radiation  Patient o  Radiation |     Total
-----------+----------------------------------------------------------------------------------------+----------
   in situ |        29          8          0          0          3          0          1          0 |        42 
         I |    10,976      3,160         18          1         32         57        242        119 |    14,971 
        II |     1,249        765          4          1         12         10         40         20 |     2,154 
      IIIA |     3,082      3,993         10          1         50         55        154        101 |     7,587 
      IIIB |     7,902      5,029         33          4         66         85        356        138 |    13,895 
        IV |    15,092     10,037         32          5        133        150        617        290 |    26,857 
  unstaged |     5,574      1,025          7          3          8         47        229         42 |     9,769 
        99 |         1          1          0          0          0          0          0          0 |         2 
-----------+----------------------------------------------------------------------------------------+----------
     Total |    43,905     24,018        104         15        304        404      1,639        710 |    75,277 


           | method of
           | radiation
           |  therapy
           | performed
           | as part of
      SEER | the first
  modified | course of
AJCC stage | treatment
       3ed | Unknown i |     Total
-----------+-----------+----------
   in situ |         1 |        42 
         I |       366 |    14,971 
        II |        53 |     2,154 
      IIIA |       141 |     7,587 
      IIIB |       282 |    13,895 
        IV |       501 |    26,857 
  unstaged |     2,834 |     9,769 
        99 |         0 |         2 
-----------+-----------+----------
     Total |     4,178 |    75,277 


. 
end of do-file

. do "/var/folders/x2/gkyq3hbx5219h68lwx_tsv540000gn/T//SD01408.000000"

. gen rad1_ = rad1 != 0

. 
end of do-file

. do "/var/folders/x2/gkyq3hbx5219h68lwx_tsv540000gn/T//SD01408.000000"

. tab aj3sr1 rad1_

      SEER |
  modified |
AJCC stage |         rad1_
       3ed |         0          1 |     Total
-----------+----------------------+----------
   in situ |        29         13 |        42 
         I |    10,976      3,995 |    14,971 
        II |     1,249        905 |     2,154 
      IIIA |     3,082      4,505 |     7,587 
      IIIB |     7,902      5,993 |    13,895 
        IV |    15,092     11,765 |    26,857 
  unstaged |     5,574      4,195 |     9,769 
        99 |         1          1 |         2 
-----------+----------------------+----------
     Total |    43,905     31,372 |    75,277 


. 
end of do-file

. do "/var/folders/x2/gkyq3hbx5219h68lwx_tsv540000gn/T//SD01408.000000"

. tab aj3sr1 rad1_, col

+-------------------+
| Key               |
|-------------------|
|     frequency     |
| column percentage |
+-------------------+

      SEER |
  modified |
AJCC stage |         rad1_
       3ed |         0          1 |     Total
-----------+----------------------+----------
   in situ |        29         13 |        42 
           |      0.07       0.04 |      0.06 
-----------+----------------------+----------
         I |    10,976      3,995 |    14,971 
           |     25.00      12.73 |     19.89 
-----------+----------------------+----------
        II |     1,249        905 |     2,154 
           |      2.84       2.88 |      2.86 
-----------+----------------------+----------
      IIIA |     3,082      4,505 |     7,587 
           |      7.02      14.36 |     10.08 
-----------+----------------------+----------
      IIIB |     7,902      5,993 |    13,895 
           |     18.00      19.10 |     18.46 
-----------+----------------------+----------
        IV |    15,092     11,765 |    26,857 
           |     34.37      37.50 |     35.68 
-----------+----------------------+----------
  unstaged |     5,574      4,195 |     9,769 
           |     12.70      13.37 |     12.98 
-----------+----------------------+----------
        99 |         1          1 |         2 
           |      0.00       0.00 |      0.00 
-----------+----------------------+----------
     Total |    43,905     31,372 |    75,277 
           |    100.00     100.00 |    100.00 


. 
end of do-file

. do "/var/folders/x2/gkyq3hbx5219h68lwx_tsv540000gn/T//SD01408.000000"

. tab aj3sr1 rad1_, col chi

+-------------------+
| Key               |
|-------------------|
|     frequency     |
| column percentage |
+-------------------+

      SEER |
  modified |
AJCC stage |         rad1_
       3ed |         0          1 |     Total
-----------+----------------------+----------
   in situ |        29         13 |        42 
           |      0.07       0.04 |      0.06 
-----------+----------------------+----------
         I |    10,976      3,995 |    14,971 
           |     25.00      12.73 |     19.89 
-----------+----------------------+----------
        II |     1,249        905 |     2,154 
           |      2.84       2.88 |      2.86 
-----------+----------------------+----------
      IIIA |     3,082      4,505 |     7,587 
           |      7.02      14.36 |     10.08 
-----------+----------------------+----------
      IIIB |     7,902      5,993 |    13,895 
           |     18.00      19.10 |     18.46 
-----------+----------------------+----------
        IV |    15,092     11,765 |    26,857 
           |     34.37      37.50 |     35.68 
-----------+----------------------+----------
  unstaged |     5,574      4,195 |     9,769 
           |     12.70      13.37 |     12.98 
-----------+----------------------+----------
        99 |         1          1 |         2 
           |      0.00       0.00 |      0.00 
-----------+----------------------+----------
     Total |    43,905     31,372 |    75,277 
           |    100.00     100.00 |    100.00 

          Pearson chi2(7) =  2.4e+03   Pr = 0.000

. 
end of do-file

. codebook aj3sr1

------------------------------------------------------------------------------------------------------------------
aj3sr1                                                                                SEER modified AJCC stage 3ed
------------------------------------------------------------------------------------------------------------------

                  type:  numeric (byte)
                 label:  aj3sr, but 1 nonmissing value is not labeled

                 range:  [0,99]                       units:  1
         unique values:  8                        missing .:  196,615/271,892

            tabulation:  Freq.   Numeric  Label
                            42         0  in situ
                        14,971        10  I
                         2,154        20  II
                         7,587        31  IIIA
                        13,895        32  IIIB
                        26,857        40  IV
                         9,769        90  unstaged
                             2        99  
                       196,615         .  

. di 1966/2719
.72305995

. use "/Volumes/echow/DATA_DHS/Zimbabwe_2015/meta_data.dta", clear

. use "/Volumes/echow/DATA_DHS/Zimbabwe_2015/zw71_flattened.dta"

. label list b13_01
b13_01:
           0 [0]no flag
           1 [1]> interview
           4 [4]< first breastfed
           6 [6]outside range

. tab b13_01

     flag for age at |
               death |      Freq.     Percent        Cum.
---------------------+-----------------------------------
          [0]no flag |        132       43.42       43.42
      [1]> interview |          5        1.64       45.07
[4]< first breastfed |        155       50.99       96.05
    [6]outside range |         12        3.95      100.00
---------------------+-----------------------------------
               Total |        304      100.00

. label list v704
v704:
           0 [0]not working and didn't work in last 12 months
          11 [11]armed forces
         112 [112]senior government officials
         113 [113]traditional chiefs and heads of villages
         114 [114]senior officials of special interest groups
         115 [115]other government and senior officials
         121 [121]directors and chief executives
         122 [122]managers and company secretaries
         211 [211]physicists and related professional
         213 [213]computing professionals and associates
         214 [214]architects and associated professionals
         215 [215]engineers - all types
         221 [221]life science professionals
         222 [222]medical doctors - all types except dentists
         223 [223]nursing and midwifery professionals
         225 [225]veterinarians - all types
         227 [227]other health professionals
         231 [231]college/ university and higher education teaching
         232 [232]secondary education teaching professionals
         233 [233]primary education teaching professionals
         234 [234]special education teaching professionals
         235 [235]other teaching professionals
         241 [241]business professionals
         242 [242]legal professionals
         244 [244]social science and related professionals
         245 [245]writers and creative or performance artists
         246 [246]religion
         247 [247]artistic/ entertainment and sports associate professiona
         311 [311]physical and engineering science technicians
         313 [313]optical and electronic machine operators
         314 [314]ship and aircraft controllers and technicians
         315 [315]safety quality inspectors
         316 [316]technicians - uncertified
         322 [322]modern health associated professionals (except nurses)
         323 [323]medical assistants
         324 [324]traditional medicine practitioners and faith healers
         325 [325]temporary (untrained) secondary teachers
         332 [332]temporary (untrained) primary teachers
         334 [334]other teaching associate professionals
         341 [341]finance and sales associate professionals
         342 [342]business services agents and trade brokers
         343 [343]administrative associate professionals
         344 [344]customs, tax and related (govt.) associate professional
         345 [345]police inspectors and detectives
         411 [411]secretaries and keyboard operator clerks
         412 [412]numerical clerks
         413 [413]material-recording and transport clerks
         414 [414]library/ mail and related clerks
         419 [419]other office clerks
         421 [421]cashiers/ tellers and related clerks
         422 [422]client information clerks
         423 [423]other clerks
         511 [511]travel attendants and related workers
         512 [512]housekeeping and restaurant services workers (based in i
         513 [513]personal care and related workers
         514 [514]other personal services workers hairdresser
         516 [516]protective services workers
         517 [517]domestic workers (private homes)
         522 [522]shop salespersons and demonstrators
         523 [523]stall and market salespersons
         524 [524]businesspersons
         611 [611]commercial farmers
         614 [614]forestry and related workers
         615 [615]fishery workers, hunters and trappers
         621 [621]communal subsistence agricultural workers
         711 [711]miners/ short-firers, stone cutters and carvers
         712 [712]building frame and related trades workers
         713 [713]building finishers and related trades workers
         714 [714]painters/ building structure cleaners and related trades
         715 [715]gold panners
         721 [721]metal moulders/ welders/ sheet-metal workers, structural
         722 [722]blacksmiths/ tool-makers and related trades workers
         723 [723]machinery mechanics and fitters
         724 [724]electrical and electronic equipment mechanics and fitter
         725 [725]workshop attendants
         732 [732]potters, glass-makers and related trades workers
         733 [733]handicraft workers in wood, textile, leather and related
         734 [734]printing and related trades workers
         741 [741]food processing and related trades workers
         742 [742]wood treaters cabinet-makers and related trades workers
         743 [743]textile, garment and related trades workers
         744 [744]pelt, leather and shoe making trades workers
         811 [811]plant and machine operators (all types)
         829 [829]other machine operators and assemblers
         831 [831]locomotive engine drivers and related workers
         832 [832]motor vehicle drivers
         833 [833]agricultural and other mobile plant operators
         911 [911]street vendors and related workers (goods)
         913 [913]domestic and related helpers, cleaners and launderers (n
         914 [914]building caretakers/ window and related cleaners
         915 [915]messengers/ porters/ doorkeepers and related workers
         916 [916]garbage collectors and related labourers
         921 [921]agricultural/ fishery and related labourers
         931 [931]mining and construction labourers
         932 [932]manufacturing labourers
         933 [933]transport labourers and freight handlers
       99996 [99996]not elsewhere classified
       99998 [99998]don't know

. label list v627
v627:
          96 [96]other

. tab v627

      ideal |
  number of |
       boys |      Freq.     Percent        Cum.
------------+-----------------------------------
          0 |      1,695        9.24        9.24
          1 |      4,285       23.35       32.59
          2 |      8,032       43.77       76.36
          3 |      2,903       15.82       92.18
          4 |        704        3.84       96.02
          5 |        330        1.80       97.81
          6 |         99        0.54       98.35
          7 |         34        0.19       98.54
          8 |         21        0.11       98.65
          9 |          5        0.03       98.68
         10 |         49        0.27       98.95
         11 |          1        0.01       98.95
         12 |          6        0.03       98.99
         15 |         13        0.07       99.06
         16 |          2        0.01       99.07
         17 |          1        0.01       99.07
         18 |          2        0.01       99.08
         20 |          2        0.01       99.10
         25 |          4        0.02       99.12
         26 |          1        0.01       99.12
         30 |          3        0.02       99.14
         42 |          1        0.01       99.14
  [96]other |        157        0.86      100.00
------------+-----------------------------------
      Total |     18,350      100.00

. tab  symln_07

      mother's line number from |
       individual questionnaire |      Freq.     Percent        Cum.
--------------------------------+-----------------------------------
                              1 |         94        2.13        2.13
                              2 |        665       15.10       17.24
                              3 |        157        3.57       20.80
                              4 |         95        2.16       22.96
                              5 |        102        2.32       25.28
                              6 |        103        2.34       27.62
                              8 |         11        0.25       27.87
                              9 |          9        0.20       28.07
                             11 |         11        0.25       28.32
                             12 |         13        0.30       28.62
                             14 |         14        0.32       28.93
[993]mother not de facto member |         55        1.25       30.18
      [994]incomplete interview |        275        6.25       36.43
          [995]not in household |      2,799       63.57      100.00
--------------------------------+-----------------------------------
                          Total |      4,403      100.00

. tab sbh141_04

      blood |
  sample id |
     number |
    (minor) |      Freq.     Percent        Cum.
------------+-----------------------------------
      99993 |        194        1.33        1.33
      99994 |        824        5.67        7.00
      99995 |        969        6.66       13.67
      99996 |          6        0.04       13.71
          ? |         20        0.14       13.84
      A0C7J |          6        0.04       13.89
      A0E9N |          5        0.03       13.92
      A0F2H |          6        0.04       13.96
      A0H0H |          6        0.04       14.00
      A0J6P |          5        0.03       14.04
      A0M2O |          5        0.03       14.07
      A0N2P |          7        0.05       14.12
      A0N6T |          4        0.03       14.15
      A0P0P |          6        0.04       14.19
      A0P9Y |          5        0.03       14.22
      A0V1W |          7        0.05       14.27
      A0V9F |          5        0.03       14.31
      A0X5D |          7        0.05       14.35
      A1A5G |          6        0.04       14.39
      A1C2F |          4        0.03       14.42
      A1D2G |          7        0.05       14.47
      A1F5L |          8        0.06       14.53
      A1J0K |          6        0.04       14.57
      A1J6Q |          7        0.05       14.61
      A1K9U |          5        0.03       14.65
      A1T7C |          4        0.03       14.68
      A1Z3E |          8        0.06       14.73
      A2C3H |          5        0.03       14.77
      A2F5M |          4        0.03       14.79
      A2N6V |          7        0.05       14.84
      A2T3Y |          7        0.05       14.89
      A2U5C |          6        0.04       14.93
      A2X8I |          5        0.03       14.97
      A2Z9L |          7        0.05       15.01
      A3C9O |          5        0.03       15.05
      A3V4D |          7        0.05       15.10
      A3X4F |          9        0.06       15.16
      A4A6K |          5        0.03       15.19
      A4J9W |         10        0.07       15.26
      A4K7V |          6        0.04       15.30
      A4N8Z |          4        0.03       15.33
      A4R4Z |          7        0.05       15.38
      A4W1C |          7        0.05       15.43
      A4X0C |          5        0.03       15.46
      A4Z4I |          5        0.03       15.50
      A4Z7L |          4        0.03       15.52
      A5C8P |          8        0.06       15.58
      A5P3X |          6        0.04       15.62
      A5S1Y |          6        0.04       15.66
      A5S2Z |          6        0.04       15.70
      A5Z1G |          5        0.03       15.74
      A6M3V |          4        0.03       15.76
      A6N9D |          6        0.04       15.80
      A6P6C |          8        0.06       15.86
      A6S2B |          5        0.03       15.89
      A6S5E |          4        0.03       15.92
      A6T1B |          5        0.03       15.96
      A6T9J |          4        0.03       15.98
      A6X7L |          4        0.03       16.01
      A6Y4J |          8        0.06       16.07
      A7A2J |          7        0.05       16.11
      A7A8P |          6        0.04       16.16
      A7C7Q |         10        0.07       16.22
      A7G5S |          4        0.03       16.25
      A7M0T |          8        0.06       16.31
      A7M7B |          4        0.03       16.33
      A7N9E |         12        0.08       16.42
      A7S2C |          7        0.05       16.46
      A7U4G |          4        0.03       16.49
      A7W7L |          6        0.04       16.53
      A8C0K |          6        0.04       16.57
      A8D0L |          6        0.04       16.62
      A8D6R |          9        0.06       16.68
      A8G0O |          5        0.03       16.71
      A8K2U |          6        0.04       16.75
      A8K3V |          4        0.03       16.78
      A8M2W |          5        0.03       16.82
      A8N2X |          5        0.03       16.85
      A8P5D |          4        0.03       16.88
      A8Y7O |          6        0.04       16.92
      A9A1K |          5        0.03       16.95
      A9E7U |          4        0.03       16.98
      A9E8V |          4        0.03       17.01
      A9I0R |          6        0.04       17.05
      A9I9B |          7        0.05       17.10
      A9W4K |          5        0.03       17.13
      A9Y4M |          6        0.04       17.17
      A9Y7P |          7        0.05       17.22
      B0B0C |          5        0.03       17.26
      B0E8N |          6        0.04       17.30
      B0G5M |          5        0.03       17.33
      B0H4M |          5        0.03       17.37
      B0K7S |          5        0.03       17.40
      B0S0T |          8        0.06       17.46
      B0U5B |          5        0.03       17.49
      B0X3C |          4        0.03       17.52
      B1C0E |          8        0.06       17.57
      B1C6K |          5        0.03       17.61
      B1D7M |          4        0.03       17.63
      B1G5N |          8        0.06       17.69
      B1G8Q |          9        0.06       17.75
      B1M0O |         13        0.09       17.84
      B1N3S |          4        0.03       17.87
      B1P2T |          6        0.04       17.91
      B2H0K |          4        0.03       17.94
      B2I9U |          5        0.03       17.97
      B2J5R |          9        0.06       18.03
      B2J6S |          4        0.03       18.06
      B2K4R |          4        0.03       18.09
      B2L4S |          5        0.03       18.12
      B2L5T |          6        0.04       18.16
      B2O3U |          5        0.03       18.20
      B2Q9D |          6        0.04       18.24
      B2S1W |          4        0.03       18.27
      B2S5B |          5        0.03       18.30
      B2W8I |          4        0.03       18.33
      B2Z7K |          5        0.03       18.36
      B3F3M |          6        0.04       18.40
      B3I8U |          4        0.03       18.43
      B3M0Q |          7        0.05       18.48
      B3N8Z |          4        0.03       18.51
      B3Q8D |          8        0.06       18.56
      B3R2X |          5        0.03       18.60
      B3R4Z |          6        0.04       18.64
      B4I2P |          7        0.05       18.69
      B4K1Q |          4        0.03       18.71
      B4P0U |          7        0.05       18.76
      B4P8D |          6        0.04       18.80
      B4Q9F |          7        0.05       18.85
      B4R0W |          6        0.04       18.89
      B4R6D |          4        0.03       18.92
      B4R8F |          4        0.03       18.95
      B4S1Y |          6        0.04       18.99
      B5J9Y |          7        0.05       19.04
      B5L9B |          5        0.03       19.07
      B5N4X |          6        0.04       19.11
      B5W1E |          5        0.03       19.15
      B5W3G |          6        0.04       19.19
      B5Y1G |          5        0.03       19.22
      B5Y5K |          4        0.03       19.25
      B6H4S |          6        0.04       19.29
      B6J8Y |          5        0.03       19.33
      B6K6X |          5        0.03       19.36
      B6L4W |          8        0.06       19.42
      B6Q5D |          5        0.03       19.45
      B6R3C |          5        0.03       19.48
      B6R4D |          6        0.04       19.53
      B6Z0H |          5        0.03       19.56
      B7D7S |          7        0.05       19.61
      B7F2P |          7        0.05       19.66
      B7F3Q |          5        0.03       19.69
      B7L6Z |          4        0.03       19.72
      B7M8D |          5        0.03       19.75
      B7N8E |          7        0.05       19.80
      B7R2C |          4        0.03       19.83
      B7T2E |          5        0.03       19.86
      B7W9O |          8        0.06       19.92
      B7Z6O |          6        0.04       19.96
      B7Z8Q |          7        0.05       20.01
      B8J2U |          9        0.06       20.07
      B8K3W |          5        0.03       20.10
      B8K8C |          9        0.06       20.17
      B8S0C |          5        0.03       20.20
      B8S1D |          4        0.03       20.23
      B8S4G |          5        0.03       20.26
      B8T1E |          5        0.03       20.30
      B8W1H |          6        0.04       20.34
      B8Y0I |          7        0.05       20.39
      B9B1M |          4        0.03       20.41
      B9D0N |          4        0.03       20.44
      B9E5T |         11        0.08       20.52
      B9E9X |          8        0.06       20.57
      B9W7O |          4        0.03       20.60
      B9Y1K |          4        0.03       20.63
      C0B3G |          5        0.03       20.66
      C0C2G |          4        0.03       20.69
      C0D3I |          5        0.03       20.72
      C0F2J |          8        0.06       20.78
      C0H3M |          6        0.04       20.82
      C0J9U |          7        0.05       20.87
      C0P8Z |          8        0.06       20.92
      C0S8D |          6        0.04       20.96
      C0Y3E |          5        0.03       21.00
      C0Y4F |          5        0.03       21.03
      C0Z6I |          4        0.03       21.06
      C1D5L |          5        0.03       21.09
      C1F7P |          7        0.05       21.14
      C1K1O |          6        0.04       21.18
      C1N6W |          5        0.03       21.22
      C1Q2V |          6        0.04       21.26
      C1R4Y |          4        0.03       21.29
      C1U4C |          6        0.04       21.33
      C1X4F |          4        0.03       21.35
      C2B9O |          6        0.04       21.40
      C2D4L |          5        0.03       21.43
      C2E2K |          6        0.04       21.47
      C2J4R |          5        0.03       21.51
      C2J9W |          6        0.04       21.55
      C2K5T |          5        0.03       21.58
      C2M2S |          4        0.03       21.61
      C2M4U |          6        0.04       21.65
      C2N7Y |          4        0.03       21.68
      C2U7G |          7        0.05       21.73
      C3A4J |          7        0.05       21.77
      C3E9S |          9        0.06       21.84
      C3J6U |          7        0.05       21.88
      C3K0P |          6        0.04       21.93
      C3M1S |          6        0.04       21.97
      C3N2U |          4        0.03       21.99
      C3P9E |          5        0.03       22.03
      C3S8G |          4        0.03       22.06
      C3T1Z |          5        0.03       22.09
      C3U7H |          6        0.04       22.13
      C3U8I |          4        0.03       22.16
      C3V8J |          5        0.03       22.19
      C4B6N |          5        0.03       22.23
      C4D8R |          5        0.03       22.26
      C4I1P |          5        0.03       22.30
      C4I7V |          4        0.03       22.32
      C4U1C |          6        0.04       22.37
      C4U6H |          6        0.04       22.41
      C4Z1H |          4        0.03       22.43
      C4Z7N |          6        0.04       22.48
      C5A7O |          5        0.03       22.51
      C5E7S |          5        0.03       22.54
      C5P0W |          8        0.06       22.60
      C5Q4C |          5        0.03       22.63
      C6B9S |          4        0.03       22.66
      C6D6R |          5        0.03       22.70
      C6E3P |          6        0.04       22.74
      C6I7X |          5        0.03       22.77
      C6K7Z |          6        0.04       22.81
      C6N5B |          6        0.04       22.85
      C6O0W |          6        0.04       22.90
      C6O1X |          4        0.03       22.92
      C6S6H |          7        0.05       22.97
      C6V1F |          8        0.06       23.03
      C6V4I |          6        0.04       23.07
      C6W7M |          7        0.05       23.12
      C6Y5M |          5        0.03       23.15
      C6Y7O |          6        0.04       23.19
      C6Y9Q |          5        0.03       23.23
      C7J8B |          7        0.05       23.27
      C7K1U |          8        0.06       23.33
      C7M8E |          9        0.06       23.39
      C7P3C |          7        0.05       23.44
      C7R4F |          7        0.05       23.49
      C7S6I |          6        0.04       23.53
      C7T3G |          6        0.04       23.57
      C7U5J |          7        0.05       23.62
      C7X4L |          7        0.05       23.67
      C8B2N |          4        0.03       23.69
      C8J3W |          4        0.03       23.72
      C8N9H |          4        0.03       23.75
      C8S0D |          5        0.03       23.78
      C8U4J |          6        0.04       23.82
      C8V6M |          4        0.03       23.85
      C8X4M |          4        0.03       23.88
      C8Z1L |          5        0.03       23.91
      C8Z2M |          5        0.03       23.95
      C9A1M |          6        0.04       23.99
      C9A4P |          5        0.03       24.02
      C9B0M |          6        0.04       24.06
      C9G4V |          5        0.03       24.10
      C9L0W |          6        0.04       24.14
      C9M5D |          5        0.03       24.17
      C9S9N |          8        0.06       24.23
      C9W7P |          6        0.04       24.27
      D0A5I |          6        0.04       24.31
      D0D9P |          7        0.05       24.36
      D0H9T |          8        0.06       24.42
      D0I7S |         10        0.07       24.48
      D1A0E |          6        0.04       24.53
      D1G4O |          5        0.03       24.56
      D1G6Q |          5        0.03       24.59
      D1J6T |          6        0.04       24.64
      D1L5U |          6        0.04       24.68
      D1M8Y |          4        0.03       24.70
      D1N1S |          5        0.03       24.74
      D1N2T |          7        0.05       24.79
      D1S9G |          4        0.03       24.81
      D1U8H |          7        0.05       24.86
      D1X1D |          9        0.06       24.92
      D1X7J |          5        0.03       24.96
      D2C0H |          7        0.05       25.01
      D2D3L |          5        0.03       25.04
      D2H3P |          9        0.06       25.10
      D2H4Q |          5        0.03       25.14
      D2M3U |          4        0.03       25.17
      D2O2V |          7        0.05       25.21
      D2V1C |          5        0.03       25.25
      D2X0D |          8        0.06       25.30
      D3B1I |          4        0.03       25.33
      D3K8Y |          4        0.03       25.36
      D3O0U |          5        0.03       25.39
      D3T3D |          4        0.03       25.42
      D3X2G |          5        0.03       25.45
      D3Y4J |          5        0.03       25.49
      D3Y8N |          4        0.03       25.52
      D3Y9O |          5        0.03       25.55
      D3Z3J |          6        0.04       25.59
      D4S6G |          4        0.03       25.62
      D4S9J |          5        0.03       25.65
      D4W1F |          4        0.03       25.68
      D5A2K |          6        0.04       25.72
      D5A9R |          8        0.06       25.78
      D5B3M |          5        0.03       25.81
      D5K6Y |          5        0.03       25.85
      D5M7C |          5        0.03       25.88
      D5U6J |          5        0.03       25.91
      D6E2P |          4        0.03       25.94
      D6G4T |          7        0.05       25.99
      D6J1T |          4        0.03       26.02
      D6L9E |          7        0.05       26.07
      D6R4F |          5        0.03       26.10
      D6V6L |          9        0.06       26.16
      D7A1L |          6        0.04       26.20
      D7B7S |          7        0.05       26.25
      D7D2P |          5        0.03       26.29
      D7D7U |          7        0.05       26.33
      D7G0Q |          8        0.06       26.39
      D7G3T |          4        0.03       26.42
      D7H8Z |          7        0.05       26.46
      D7I2U |          4        0.03       26.49
      D7K2W |          5        0.03       26.53
      D7L6C |          4        0.03       26.55
      D7P5F |          5        0.03       26.59
      D7Q1C |          4        0.03       26.62
      D7U8N |          9        0.06       26.68
      D7V6M |          6        0.04       26.72
      D7X5N |          6        0.04       26.76
      D7Y7Q |         10        0.07       26.83
      D8I1U |          6        0.04       26.87
      D8I5Y |          4        0.03       26.90
      D8L7E |          7        0.05       26.95
      D8M1Y |          7        0.05       26.99
      D8S7L |          6        0.04       27.04
      D8V6N |         12        0.08       27.12
      D8X8R |          5        0.03       27.15
      D9B6T |          7        0.05       27.20
      D9D7W |          9        0.06       27.26
      D9P6I |          8        0.06       27.32
      D9R4I |          6        0.04       27.36
      D9U7O |          7        0.05       27.41
      D9U9Q |          4        0.03       27.43
      D9Y1M |          5        0.03       27.47
      D9Z9V |          5        0.03       27.50
      E0E9R |          4        0.03       27.53
      E0K9X |          6        0.04       27.57
      E1B3J |          4        0.03       27.60
      E1B8O |          6        0.04       27.64
      E1C1I |          5        0.03       27.68
      E1G9U |          7        0.05       27.72
      E1L0Q |          7        0.05       27.77
      E1M3U |          6        0.04       27.81
      E1U4E |          5        0.03       27.85
      E1W3F |          9        0.06       27.91
      E1X6J |          5        0.03       27.94
      E1X7K |          6        0.04       27.98
      E2E1L |          4        0.03       28.01
      E2H0N |          4        0.03       28.04
      E2H3Q |          6        0.04       28.08
      E2I5T |          7        0.05       28.13
      E2L6X |          5        0.03       28.16
      E2N9D |          5        0.03       28.20
      E2R0X |          5        0.03       28.23
      E2R8G |          4        0.03       28.26
      E2Y2H |          5        0.03       28.29
      E2Z5L |          5        0.03       28.33
      E3B2K |          6        0.04       28.37
      E3I1Q |          6        0.04       28.41
      E3M9D |          5        0.03       28.45
      E3P6D |          6        0.04       28.49
      E3S9J |          4        0.03       28.51
      E3Y8O |         13        0.09       28.60
      E3Y9P |          6        0.04       28.65
      E3Z1I |          4        0.03       28.67
      E3Z2J |          5        0.03       28.71
      E4B5O |          5        0.03       28.74
      E4B6P |          5        0.03       28.78
      E4D4P |          4        0.03       28.80
      E4F3Q |          7        0.05       28.85
      E4I1R |          8        0.06       28.91
      E4O8F |          7        0.05       28.95
      E4P1Y |          7        0.05       29.00
      E4Q0Y |          6        0.04       29.04
      E4Q2B |          8        0.06       29.10
      E4U3G |          5        0.03       29.13
      E4W3I |          6        0.04       29.17
      E5A7Q |          5        0.03       29.21
      E5F4S |          4        0.03       29.24
      E5N3Z |          4        0.03       29.26
      E5O1Y |          4        0.03       29.29
      E5U6K |          5        0.03       29.33
      E5Y8Q |          6        0.04       29.37
      E6E5T |          7        0.05       29.42
      E6L6C |          5        0.03       29.45
      E6N2Z |          5        0.03       29.48
      E6Q7I |          4        0.03       29.51
      E6V4K |          4        0.03       29.54
      E6W0H |          6        0.04       29.58
      E6X4M |          5        0.03       29.61
      E6Z6Q |          8        0.06       29.67
      E7C6T |          4        0.03       29.70
      E7G9B |          4        0.03       29.72
      E7I2V |          4        0.03       29.75
      E7I8C |          4        0.03       29.78
      E7N8H |          8        0.06       29.83
      E7S6K |          9        0.06       29.90
      E7T4J |          5        0.03       29.93
      E8B5S |          5        0.03       29.97
      E8E5V |          5        0.03       30.00
      E8Q3G |          4        0.03       30.03
      E8S0F |          4        0.03       30.06
      E8T4K |          4        0.03       30.08
      E8U1I |          4        0.03       30.11
      E8U3K |         11        0.08       30.19
      E8Y7S |         10        0.07       30.25
      E8Z8U |          8        0.06       30.31
      E9A7U |          4        0.03       30.34
      E9B9X |          5        0.03       30.37
      E9C1Q |          7        0.05       30.42
      E9F0S |          4        0.03       30.45
      E9I4Z |          5        0.03       30.48
      E9J3Z |         10        0.07       30.55
      E9T7O |          6        0.04       30.59
      E9X5Q |          5        0.03       30.63
      E9Y8U |         11        0.08       30.70
      F0G1M |          7        0.05       30.75
      F0K1Q |          5        0.03       30.78
      F0M8Z |          5        0.03       30.82
      F0O4X |          5        0.03       30.85
      F0P2W |          5        0.03       30.89
      F0W7J |         12        0.08       30.97
      F1I0O |          5        0.03       31.00
      F1I7V |          5        0.03       31.04
      F1L0R |          7        0.05       31.09
      F1M1T |          5        0.03       31.12
      F1N4X |          6        0.04       31.16
      F1V8K |          8        0.06       31.22
      F1X9N |          6        0.04       31.26
      F1Y4J |          6        0.04       31.30
      F1Z1H |          5        0.03       31.33
      F2F1N |          5        0.03       31.37
      F2J8Y |          4        0.03       31.40
      F2L3V |         10        0.07       31.46
      F2P3Z |          5        0.03       31.50
      F2Q1Y |          6        0.04       31.54
      F2Z2J |          6        0.04       31.58
      F2Z9Q |          8        0.06       31.64
      F3A2K |          7        0.05       31.69
      F3D5Q |          6        0.04       31.73
      F3E9V |          4        0.03       31.75
      F3J7Y |          5        0.03       31.79
      F3K0S |          5        0.03       31.82
      F3N1W |          6        0.04       31.86
      F3Z3L |          6        0.04       31.91
      F4B7R |          5        0.03       31.94
      F4E1O |          6        0.04       31.98
      F4H1R |          7        0.05       32.03
      F4H5V |          6        0.04       32.07
      F4J8B |          5        0.03       32.10
      F4K6Z |          8        0.06       32.16
      F4L4Y |          5        0.03       32.19
      F4O1Y |          6        0.04       32.24
      F4O2Z |          4        0.03       32.26
      F4O4C |          6        0.04       32.30
      F4O7F |          5        0.03       32.34
      F4W2I |          4        0.03       32.37
      F4W9P |          6        0.04       32.41
      F4Z0J |          9        0.06       32.47
      F5A9T |          9        0.06       32.53
      F5D6T |          4        0.03       32.56
      F5E5T |          6        0.04       32.60
      F5E6U |          9        0.06       32.66
      F5E7V |          4        0.03       32.69
      F5I1T |          6        0.04       32.73
      F5M4B |          8        0.06       32.79
      F5O0Y |          5        0.03       32.82
      F5Q1C |          6        0.04       32.86
      F5V2I |          5        0.03       32.90
      F5V4K |          4        0.03       32.92
      F5W3K |          9        0.06       32.98
      F5W7O |          6        0.04       33.03
      F6I5Y |          4        0.03       33.05
      F6N5E |          5        0.03       33.09
      F6P1C |          7        0.05       33.14
      F6P3E |          4        0.03       33.16
      F6Q6I |          6        0.04       33.20
      F6R1E |          6        0.04       33.25
      F6R9M |          6        0.04       33.29
      F6W4M |          7        0.05       33.34
      F7G7Z |          8        0.06       33.39
      F7G8B |          8        0.06       33.45
      F7P5H |          6        0.04       33.49
      F7Q0D |          5        0.03       33.52
      F7U7O |          7        0.05       33.57
      F8A9W |          5        0.03       33.60
      F8I7D |          4        0.03       33.63
      F8M7H |          6        0.04       33.67
      F8Q1F |          4        0.03       33.70
      F8V3M |          6        0.04       33.74
      F8W4O |          5        0.03       33.78
      F8X5Q |          4        0.03       33.80
      F8Y1N |          5        0.03       33.84
      F8Z6T |          4        0.03       33.87
      F9Q5K |          6        0.04       33.91
      F9U9S |          7        0.05       33.95
      F9Y3Q |          6        0.04       34.00
      F9Y5S |          6        0.04       34.04
      F9Z2Q |          4        0.03       34.06
      G0A3J |          4        0.03       34.09
      G0F0L |          5        0.03       34.13
      G0K0Q |          7        0.05       34.17
      G0L7Y |          5        0.03       34.21
      G0M4W |          6        0.04       34.25
      G0O4Y |          6        0.04       34.29
      G0P2X |          6        0.04       34.33
      G0P8E |          8        0.06       34.39
      G0T9J |          5        0.03       34.42
      G0V3F |          6        0.04       34.46
      G0X1F |          5        0.03       34.50
      G1B7P |          5        0.03       34.53
      G1B8Q |          5        0.03       34.57
      G1H7V |          9        0.06       34.63
      G1I6V |          6        0.04       34.67
      G1L0S |          4        0.03       34.70
      G1L8B |          5        0.03       34.73
      G1M0T |          6        0.04       34.77
      G1M7B |          7        0.05       34.82
      G1Q4C |          5        0.03       34.86
      G1U9L |          5        0.03       34.89
      G1V3G |          7        0.05       34.94
      G2E9V |          4        0.03       34.97
      G2G6U |          4        0.03       34.99
      G2I7X |          9        0.06       35.06
      G2M5Z |         14        0.10       35.15
      G2N3Y |          6        0.04       35.19
      G2P0X |          5        0.03       35.23
      G2S6H |          5        0.03       35.26
      G2S8J |          5        0.03       35.30
      G2T5H |          5        0.03       35.33
      G2W4J |          7        0.05       35.38
      G2W5K |          4        0.03       35.41
      G2X2I |          7        0.05       35.45
      G2Y8P |          5        0.03       35.49
      G3A1K |          5        0.03       35.52
      G3B7R |          6        0.04       35.56
      G3D5R |          6        0.04       35.61
      G3G0P |          8        0.06       35.66
      G3H9Z |          6        0.04       35.70
      G3T2F |          4        0.03       35.73
      G3V1G |          4        0.03       35.76
      G3W9P |          6        0.04       35.80
      G4B6R |         10        0.07       35.87
      G4G6W |          4        0.03       35.89
      G4H7Y |          6        0.04       35.94
      G4L4Z |          4        0.03       35.96
      G4N9H |          5        0.03       36.00
      G4P3D |          4        0.03       36.02
      G4R4G |          5        0.03       36.06
      G4S8L |          4        0.03       36.09
      G4T2G |          5        0.03       36.12
      G4X1J |          5        0.03       36.16
      G4Z9T |          5        0.03       36.19
      G5N4D |          9        0.06       36.25
      G5S3H |          5        0.03       36.29
      G5S4I |          6        0.04       36.33
      G5S9N |          5        0.03       36.36
      G5V4L |          5        0.03       36.40
      G6I2W |          7        0.05       36.44
      G6Q8L |          5        0.03       36.48
      G6R2G |          5        0.03       36.51
      G6S7M |          4        0.03       36.54
      G6W2L |          6        0.04       36.58
      G6Y8T |          9        0.06       36.64
      G7C5U |          4        0.03       36.67
      G7F5X |          6        0.04       36.71
      G7H3X |          6        0.04       36.75
      G7H6B |          7        0.05       36.80
      G7L3C |          6        0.04       36.84
      G7M7H |          7        0.05       36.89
      G7N6H |          7        0.05       36.94
      G7P1E |          5        0.03       36.97
      G7R3I |          7        0.05       37.02
      G7V9S |          5        0.03       37.06
      G8A1P |          6        0.04       37.10
      G8A3R |         10        0.07       37.17
      G8H4Z |          4        0.03       37.19
      G8L0Z |          6        0.04       37.24
      G8O6J |          5        0.03       37.27
      G8R0G |          4        0.03       37.30
      G8U9S |          8        0.06       37.35
      G8Y0N |          7        0.05       37.40
      G8Z5T |          5        0.03       37.43
      G8Z6U |          6        0.04       37.48
      G9C7Y |          6        0.04       37.52
      G9G8E |          5        0.03       37.55
      G9Q7N |         10        0.07       37.62
      G9W0M |          8        0.06       37.68
      G9Y1P |          4        0.03       37.70
      H0A7O |          7        0.05       37.75
      H0A9Q |          6        0.04       37.79
      H0H7V |          9        0.06       37.85
      H0K0R |          7        0.05       37.90
      H0P4B |          7        0.05       37.95
      H0P8F |          5        0.03       37.98
      H0R7G |          4        0.03       38.01
      H0U0C |          5        0.03       38.05
      H0Z5M |          5        0.03       38.08
      H1C7R |          4        0.03       38.11
      H1G0O |          5        0.03       38.14
      H1G6U |          6        0.04       38.18
      H1H6V |          4        0.03       38.21
      H1M6B |          8        0.06       38.27
      H1N7D |          7        0.05       38.31
      H1P5D |          5        0.03       38.35
      H1R6G |          5        0.03       38.38
      H1Y0H |          6        0.04       38.43
      H1Y1I |          7        0.05       38.47
      H1Y3K |          6        0.04       38.51
      H1Y9Q |          7        0.05       38.56
      H2E4R |          5        0.03       38.60
      H2F6U |          5        0.03       38.63
      H2F9X |          4        0.03       38.66
      H2J8B |          5        0.03       38.69
      H2Q8I |          6        0.04       38.73
      H3C3P |          6        0.04       38.78
      H3C4Q |          6        0.04       38.82
      H3D0N |          5        0.03       38.85
      H3J7B |          5        0.03       38.89
      H3K3X |          5        0.03       38.92
      H3L6C |          5        0.03       38.95
      H3R5H |          4        0.03       38.98
      H3Y0J |          5        0.03       39.02
      H3Y8R |          8        0.06       39.07
      H4B0M |          5        0.03       39.11
      H4D1P |          5        0.03       39.14
      H4F5V |          5        0.03       39.17
      H4F9Z |          4        0.03       39.20
      H4G2T |          7        0.05       39.25
      H4L9G |          5        0.03       39.28
      H4M5D |          5        0.03       39.32
      H4N1Z |          5        0.03       39.35
      H4O4E |          4        0.03       39.38
      H4Z9U |          7        0.05       39.43
      H5C6U |          5        0.03       39.46
      H5F4V |          8        0.06       39.52
      H5G4W |          4        0.03       39.55
      H5P2E |          6        0.04       39.59
      H5S9O |          5        0.03       39.62
      H5T4K |          5        0.03       39.66
      H5U0H |          5        0.03       39.69
      H5V2K |          4        0.03       39.72
      H6B9X |          6        0.04       39.76
      H6E9B |          6        0.04       39.80
      H6J1X |          6        0.04       39.84
      H6L2B |          7        0.05       39.89
      H6M2C |          7        0.05       39.94
      H6Q2G |          4        0.03       39.97
      H6S4K |          6        0.04       40.01
      H6U2K |          7        0.05       40.06
      H7A2Q |          4        0.03       40.08
      H7D1S |          6        0.04       40.12
      H7J1Y |          6        0.04       40.17
      H7M7I |          7        0.05       40.21
      H7Q0F |          6        0.04       40.25
      H7Z1P |          5        0.03       40.29
      H7Z5T |          5        0.03       40.32
      H8D6Y |          6        0.04       40.36
      H8Q6M |          6        0.04       40.41
      H9B9B |          5        0.03       40.44
      H9E1V |          7        0.05       40.49
      H9K5G |          8        0.06       40.54
      H9L8K |          4        0.03       40.57
      H9O6L |          5        0.03       40.61
      H9O7M |          5        0.03       40.64
      H9U0L |          6        0.04       40.68
      I0A0I |          9        0.06       40.74
      I0F1O |          6        0.04       40.78
      I0G4S |          5        0.03       40.82
      I0I8Y |          7        0.05       40.87
      I0K8B |          7        0.05       40.91
      I0K9C |          5        0.03       40.95
      I0N2X |         10        0.07       41.02
      I0W0F |          4        0.03       41.05
      I1C3O |          9        0.06       41.11
      I1D2O |          7        0.05       41.16
      I1D3P |          8        0.06       41.21
      I1D5R |          4        0.03       41.24
      I1G1Q |          5        0.03       41.27
      I1J0S |          5        0.03       41.31
      I1R8J |          5        0.03       41.34
      I1V0F |          5        0.03       41.38
      I1X0H |          7        0.05       41.42
      I2G0Q |          8        0.06       41.48
      I2N6E |          8        0.06       41.53
      I2T4I |          5        0.03       41.57
      I2Z1L |          6        0.04       41.61
      I3B9V |          4        0.03       41.64
      I3H4W |          5        0.03       41.67
      I3K8E |          5        0.03       41.71
      I3M8G |          4        0.03       41.73
      I3P5G |          6        0.04       41.77
      I3S6K |          5        0.03       41.81
      I3S7L |          6        0.04       41.85
      I4K1X |          7        0.05       41.90
      I4L2Z |          5        0.03       41.93
      I4O5G |          5        0.03       41.97
      I4O9K |          5        0.03       42.00
      I4Q5I |          5        0.03       42.04
      I4Y0L |          7        0.05       42.08
      I4Z1N |          8        0.06       42.14
      I4Z9V |          8        0.06       42.19
      I5A3Q |          9        0.06       42.26
      I5H8D |          5        0.03       42.29
      I5J5C |          5        0.03       42.32
      I5M6G |          5        0.03       42.36
      I5P0D |         10        0.07       42.43
      I5S9P |          6        0.04       42.47
      I5T0H |          6        0.04       42.51
      I5U8Q |          4        0.03       42.54
      I6A4S |          4        0.03       42.57
      I6S1I |          7        0.05       42.61
      I6U5O |          5        0.03       42.65
      I7M5H |          6        0.04       42.69
      I7R4L |          9        0.06       42.75
      I7Y7V |          4        0.03       42.78
      I8C3V |          4        0.03       42.81
      I8F2X |          5        0.03       42.84
      I8J7H |          5        0.03       42.87
      I8Q2J |          6        0.04       42.92
      I8V6S |          4        0.03       42.94
      I8W2P |          7        0.05       42.99
      I9C4X |          5        0.03       43.03
      I9D4Y |          6        0.04       43.07
      I9G9H |          7        0.05       43.12
      I9I8I |          4        0.03       43.14
      I9J2D |         11        0.08       43.22
      I9N5K |          5        0.03       43.25
      I9N6L |         10        0.07       43.32
      I9Q4M |          6        0.04       43.36
      I9R4N |          4        0.03       43.39
      I9T9U |          7        0.05       43.44
      I9W5T |          7        0.05       43.49
      I9Y4U |          6        0.04       43.53
      J0G5U |          7        0.05       43.58
      J0I3U |          8        0.06       43.63
      J0J0S |          6        0.04       43.67
      J0L4Y |          5        0.03       43.71
      J0O4C |          4        0.03       43.73
      J0Q6G |          6        0.04       43.78
      J0U9N |          4        0.03       43.80
      J0Y1J |          4        0.03       43.83
      J0Y3L |          5        0.03       43.87
      J0Z1K |          9        0.06       43.93
      J0Z5O |          7        0.05       43.98
      J1K9E |          8        0.06       44.03
      J1L5B |          5        0.03       44.06
      J1P0Z |          7        0.05       44.11
      J1P2C |          7        0.05       44.16
      J1R1D |          7        0.05       44.21
      J1S4H |         10        0.07       44.28
      J1Y8R |          4        0.03       44.31
      J2K6C |          8        0.06       44.36
      J2O9J |          5        0.03       44.39
      J2S4I |          5        0.03       44.43
      J2V2J |          7        0.05       44.48
      J2V3K |          6        0.04       44.52
      J2Y9T |          6        0.04       44.56
      J3H2V |          4        0.03       44.59
      J3H9D |          5        0.03       44.62
      J3J0V |          5        0.03       44.66
      J3K2Y |          5        0.03       44.69
      J3S5K |          5        0.03       44.72
      J3S6L |         10        0.07       44.79
      J3V1J |          5        0.03       44.83
      J3V8Q |          6        0.04       44.87
      J3W8R |          9        0.06       44.93
      J4B7V |          6        0.04       44.97
      J4D8Y |          5        0.03       45.01
      J4H2W |         11        0.08       45.08
      J4H7C |          7        0.05       45.13
      J4H9E |          4        0.03       45.16
      J4K3B |          4        0.03       45.19
      J4O7J |          8        0.06       45.24
      J4P0D |          4        0.03       45.27
      J4R8N |          5        0.03       45.30
      J4S6M |         10        0.07       45.37
      J5C7X |          6        0.04       45.41
      J5F7B |         14        0.10       45.51
      J5G2W |          7        0.05       45.56
      J5I1X |          5        0.03       45.59
      J5O0D |          4        0.03       45.62
      J5T7P |          7        0.05       45.67
      J5U7Q |          4        0.03       45.69
      J6D0S |          4        0.03       45.72
      J6D7Z |          5        0.03       45.76
      J6E1U |          5        0.03       45.79
      J6F2W |          5        0.03       45.83
      J6G1W |          6        0.04       45.87
      J6H6D |          8        0.06       45.92
      J6K5F |          4        0.03       45.95
      J6M2E |          7        0.05       46.00
      J6O3H |          4        0.03       46.02
      J6P1G |          5        0.03       46.06
      J7I6F |          4        0.03       46.09
      J7L9L |          8        0.06       46.14
      J7W5S |          4        0.03       46.17
      J7Z9Z |          7        0.05       46.22
      J8D6B |          5        0.03       46.25
      J8E8E |         13        0.09       46.34
      J8I2C |          6        0.04       46.38
      J8I9J |          8        0.06       46.44
      J8J6H |          4        0.03       46.46
      J8T6R |          6        0.04       46.51
      J8U8U |          4        0.03       46.53
      J8Z8Z |          6        0.04       46.57
      J9E7E |          6        0.04       46.62
      J9I0B |          4        0.03       46.64
      J9J6I |          4        0.03       46.67
      J9M2H |          5        0.03       46.71
      J9P4M |         11        0.08       46.78
      J9X5V |          6        0.04       46.82
      K0F0P |          9        0.06       46.88
      K0F2R |          4        0.03       46.91
      K0F8X |          7        0.05       46.96
      K0I1T |          8        0.06       47.02
      K0J0T |          6        0.04       47.06
      K0N0X |          6        0.04       47.10
      K0N1Y |          8        0.06       47.15
      K0W0H |          7        0.05       47.20
      K0W2J |          9        0.06       47.26
      K0Z5P |          7        0.05       47.31
      K1A8T |          9        0.06       47.37
      K1C6T |          4        0.03       47.40
      K1C7U |          5        0.03       47.43
      K1E4T |          5        0.03       47.47
      K1F7X |          5        0.03       47.50
      K1H6Y |          4        0.03       47.53
      K1H8B |          5        0.03       47.57
      K1L3Z |          9        0.06       47.63
      K1M5D |          5        0.03       47.66
      K1N1Z |          4        0.03       47.69
      K1Q9L |          8        0.06       47.74
      K1U4K |          5        0.03       47.78
      K1Z0L |          6        0.04       47.82
      K2A2O |          6        0.04       47.86
      K2A5R |          6        0.04       47.90
      K2A9V |         11        0.08       47.98
      K2C2Q |          4        0.03       48.01
      K2O6H |          9        0.06       48.07
      K2R8M |          8        0.06       48.12
      K2U8P |          4        0.03       48.15
      K2V3L |          6        0.04       48.19
      K3A2P |          4        0.03       48.22
      K3B8W |          5        0.03       48.25
      K3C0P |          8        0.06       48.31
      K3D3T |          5        0.03       48.34
      K3G0T |         16        0.11       48.45
      K3I0V |          5        0.03       48.49
      K3I9F |          5        0.03       48.52
      K3M4E |          7        0.05       48.57
      K3P0D |          6        0.04       48.61
      K3R2H |          5        0.03       48.65
      K3S2I |          4        0.03       48.67
      K3S3J |         10        0.07       48.74
      K3V1K |          7        0.05       48.79
      K3Z1O |          8        0.06       48.84
      K4D7Y |          7        0.05       48.89
      K4E5X |          4        0.03       48.92
      K4F4X |          4        0.03       48.95
      K4G1V |          5        0.03       48.98
      K4K0Y |          6        0.04       49.02
      K4R9P |          6        0.04       49.06
      K4U5O |          4        0.03       49.09
      K4W4P |          6        0.04       49.13
      K5F6B |          6        0.04       49.17
      K5N0D |          6        0.04       49.22
      K5O5J |          7        0.05       49.26
      K6A9Z |          9        0.06       49.33
      K6E2W |          7        0.05       49.37
      K6K9K |          4        0.03       49.40
      K6M0D |          4        0.03       49.43
      K6Q8P |          7        0.05       49.48
      K6T8S |          4        0.03       49.50
      K6W0N |          5        0.03       49.54
      K7H3C |          4        0.03       49.57
      K7I3D |          5        0.03       49.60
      K7L1E |          6        0.04       49.64
      K7O1H |          6        0.04       49.68
      K7R5O |          7        0.05       49.73
      K7W7V |          9        0.06       49.79
      K7Y7X |          5        0.03       49.83
      K8L8M |          6        0.04       49.87
      K8Q8R |          6        0.04       49.91
      K8V2Q |          5        0.03       49.94
      K9A5Y |          6        0.04       49.99
      K9J3G |          7        0.05       50.03
      K9K9N |          8        0.06       50.09
      K9M1H |          6        0.04       50.13
      K9P5O |          4        0.03       50.16
      K9U8W |          4        0.03       50.19
      L0H7Z |          6        0.04       50.23
      L0M7F |          6        0.04       50.27
      L0Q4G |          7        0.05       50.32
      L0R8L |          4        0.03       50.34
      L1B3Q |          6        0.04       50.39
      L1C9X |          6        0.04       50.43
      L1H5Y |          6        0.04       50.47
      L1I1V |          7        0.05       50.52
      L1K8F |          6        0.04       50.56
      L1U6N |          4        0.03       50.58
      L1Y5Q |          5        0.03       50.62
      L2A6T |          5        0.03       50.65
      L2F6Y |          7        0.05       50.70
      L2I2X |          8        0.06       50.76
      L2I5B |          8        0.06       50.81
      L2Q6K |          6        0.04       50.85
      L2R1G |          6        0.04       50.89
      L2U2K |          5        0.03       50.93
      L2Y6S |          6        0.04       50.97
      L2Z0N |          7        0.05       51.02
      L2Z5S |          7        0.05       51.07
      L3D2T |          4        0.03       51.09
      L3E5X |          4        0.03       51.12
      L3F4X |          5        0.03       51.16
      L3F5Y |          4        0.03       51.18
      L3I5C |          4        0.03       51.21
      L3I6D |          4        0.03       51.24
      L3J3B |          4        0.03       51.27
      L3L5F |          6        0.04       51.31
      L3O6J |          4        0.03       51.33
      L3P0E |          7        0.05       51.38
      L4C4V |         10        0.07       51.45
      L4C5W |          4        0.03       51.48
      L4F9E |          6        0.04       51.52
      L4I8G |          6        0.04       51.56
      L4L0B |          6        0.04       51.60
      L4M3F |          6        0.04       51.64
      L4P8N |          6        0.04       51.69
      L4U2M |          5        0.03       51.72
      L4W4Q |          4        0.03       51.75
      L5B1S |          8        0.06       51.80
      L5O1G |          6        0.04       51.84
      L5V6S |          6        0.04       51.88
      L5X4S |          5        0.03       51.92
      L6B7Z |          6        0.04       51.96
      L6C7B |          4        0.03       51.99
      L6H7G |          8        0.06       52.04
      L6J0B |          4        0.03       52.07
      L6J4F |          6        0.04       52.11
      L6M9N |          4        0.03       52.14
      L6P7O |          5        0.03       52.17
      L6V6T |          6        0.04       52.21
      L7A0S |          4        0.03       52.24
      L7A5X |         11        0.08       52.32
      L7I3E |          4        0.03       52.35
      L7I4F |          7        0.05       52.39
      L7K0D |          5        0.03       52.43
      L7L5J |          4        0.03       52.46
      L7U1O |          5        0.03       52.49
      L8H5G |          9        0.06       52.55
      L8J2F |          4        0.03       52.58
      L8K7L |          7        0.05       52.63
      L8M9P |          4        0.03       52.65
      L8Q0K |          5        0.03       52.69
      L8Q1L |          8        0.06       52.74
      L8Y0S |          5        0.03       52.78
      L8Z9D |          5        0.03       52.81
      L9J6K |          5        0.03       52.85
      L9K5K |          7        0.05       52.90
      L9K6L |          5        0.03       52.93
      L9L3J |          4        0.03       52.96
      L9L5L |          7        0.05       53.01
      L9S8V |          7        0.05       53.05
      L9U7W |          6        0.04       53.09
      M0C5T |          9        0.06       53.16
      M0I0U |          8        0.06       53.21
      M0M5E |          7        0.05       53.26
      M0R2G |          6        0.04       53.30
      M0R3H |          7        0.05       53.35
      M0R7L |          5        0.03       53.38
      M0X2M |          5        0.03       53.42
      M1B2Q |          4        0.03       53.45
      M1G0T |          5        0.03       53.48
      M1M4E |          5        0.03       53.51
      M1M9J |          4        0.03       53.54
      M1S7N |          5        0.03       53.58
      M1V7Q |          8        0.06       53.63
      M1Z5S |          5        0.03       53.67
      M2F9D |          6        0.04       53.71
      M2I0W |          7        0.05       53.76
      M2J5D |          4        0.03       53.78
      M2P1F |          6        0.04       53.82
      M2V7R |          6        0.04       53.87
      M3G2X |          7        0.05       53.91
      M3I1Y |          5        0.03       53.95
      M3N8L |          7        0.05       54.00
      M4B1S |          6        0.04       54.04
      M4D5Y |          8        0.06       54.09
      M4K2D |          5        0.03       54.13
      M4L5H |          7        0.05       54.17
      M4S6P |          4        0.03       54.20
      M4X7V |          5        0.03       54.24
      M5B6Y |          6        0.04       54.28
      M5C4X |          5        0.03       54.31
      M5F2Y |          6        0.04       54.35
      M5F3Z |          5        0.03       54.39
      M5R2L |          6        0.04       54.43
      M5R7Q |          4        0.03       54.46
      M5T0L |          9        0.06       54.52
      M5Y2S |          7        0.05       54.57
      M5Y7X |          4        0.03       54.59
      M5Z2T |          7        0.05       54.64
      M6A6Y |          7        0.05       54.69
      M6C1V |          6        0.04       54.73
      M6C9E |          7        0.05       54.78
      M6D5B |          6        0.04       54.82
      M6J7J |          4        0.03       54.85
      M6L0E |          6        0.04       54.89
      M6U2P |          7        0.05       54.94
      M6U3Q |          5        0.03       54.97
      M6V4S |          6        0.04       55.01
      M6W7W |          5        0.03       55.05
      M7F5E |          5        0.03       55.08
      M7H1C |          7        0.05       55.13
      M7I5H |          4        0.03       55.16
      M7J8L |          7        0.05       55.21
      M7K4I |          5        0.03       55.24
      M7V3S |          5        0.03       55.28
      M7W8Y |          6        0.04       55.32
      M7Z6Z |          7        0.05       55.36
      M8F0Z |          4        0.03       55.39
      M8H8K |          5        0.03       55.43
      M8I7K |         11        0.08       55.50
      M8K0F |          6        0.04       55.54
      M8M6N |          6        0.04       55.58
      M8P8S |          6        0.04       55.63
      M8Q9U |          5        0.03       55.66
      M8U7W |          4        0.03       55.69
      M8W0R |          5        0.03       55.72
      M8X1T |          5        0.03       55.76
      M9A3Y |          5        0.03       55.79
      M9D3C |          9        0.06       55.85
      M9H2F |          5        0.03       55.89
      M9L7O |         11        0.08       55.96
      M9M0I |          6        0.04       56.00
      M9N6P |          7        0.05       56.05
      M9O4O |          6        0.04       56.09
      M9U3T |          7        0.05       56.14
      M9V8Z |          5        0.03       56.18
      M9W0S |          9        0.06       56.24
      M9X8C |          5        0.03       56.27
      N0E0R |          5        0.03       56.31
      N0G4X |          6        0.04       56.35
      N0H1V |          4        0.03       56.38
      N0L1Z |          5        0.03       56.41
      N0O4G |          5        0.03       56.44
      N0R2H |          6        0.04       56.49
      N0S8O |          6        0.04       56.53
      N0U7P |          6        0.04       56.57
      N0W9T |          6        0.04       56.61
      N1G1V |          5        0.03       56.64
      N1I8F |          5        0.03       56.68
      N1J1Y |          6        0.04       56.72
      N1J9H |          6        0.04       56.76
      N1K4D |          5        0.03       56.80
      N1K9I |          8        0.06       56.85
      N1P0E |          5        0.03       56.88
      N1T1J |          7        0.05       56.93
      N1X9V |          7        0.05       56.98
      N1Y7U |          6        0.04       57.02
      N2A3S |          5        0.03       57.06
      N2D7Z |          5        0.03       57.09
      N2F7C |          6        0.04       57.13
      N2H9G |          5        0.03       57.17
      N2R7O |          7        0.05       57.21
      N2R8P |          8        0.06       57.27
      N2S2K |          6        0.04       57.31
      N2X4R |          6        0.04       57.35
      N3F5B |          6        0.04       57.39
      N3G8F |          5        0.03       57.43
      N3H4C |          6        0.04       57.47
      N3H7F |          6        0.04       57.51
      N3J4E |          8        0.06       57.57
      N3K4F |          5        0.03       57.60
      N3R6O |          5        0.03       57.63
      N3S5O |          4        0.03       57.66
      N3T8S |          7        0.05       57.71
      N3U9U |          6        0.04       57.75
      N3W5S |          5        0.03       57.79
      N3Z3T |          8        0.06       57.84
      N4C2V |          6        0.04       57.88
      N4N7M |          5        0.03       57.92
      N4O8O |          4        0.03       57.94
      N4U0M |          5        0.03       57.98
      N4W9X |          4        0.03       58.01
      N5K9M |          6        0.04       58.05
      N5L9N |          8        0.06       58.10
      N5M4J |          4        0.03       58.13
      N5M9O |          5        0.03       58.16
      N5N6M |          7        0.05       58.21
      N5O4L |          6        0.04       58.25
      N5P1J |          7        0.05       58.30
      N5P7P |          4        0.03       58.33
      N5U8V |          9        0.06       58.39
      N5W9Y |          5        0.03       58.43
      N5X8Y |          8        0.06       58.48
      N5X9Z |          7        0.05       58.53
      N5Y1S |          8        0.06       58.58
      N6G7H |          4        0.03       58.61
      N6H1C |          9        0.06       58.67
      N6H4F |          4        0.03       58.70
      N6J1E |          7        0.05       58.75
      N6U9X |          6        0.04       58.79
      N6Y1T |          6        0.04       58.83
      N6Z5Y |          7        0.05       58.88
      N7B1W |          6        0.04       58.92
      N7I8L |          5        0.03       58.95
      N7L9P |          4        0.03       58.98
      N7M5M |          6        0.04       59.02
      N7Q9U |          5        0.03       59.06
      N7V5V |          6        0.04       59.10
      N7W6X |          5        0.03       59.13
      N7Z2W |          8        0.06       59.19
      N8A0V |          4        0.03       59.22
      N8A2X |          5        0.03       59.25
      N8E7H |          6        0.04       59.29
      N8E9J |          4        0.03       59.32
      N8G0C |         13        0.09       59.41
      N8M8Q |          5        0.03       59.44
      N8M9R |          4        0.03       59.47
      N8O8S |          5        0.03       59.50
      N8T9Y |          7        0.05       59.55
      N8U1R |          4        0.03       59.58
      N9A6D |          5        0.03       59.61
      N9C6F |          8        0.06       59.67
      N9G9M |          6        0.04       59.71
      N9O7S |          4        0.03       59.74
      N9R9X |          7        0.05       59.79
      N9W8C |          6        0.04       59.83
      N9X8D |          6        0.04       59.87
      N9Z8F |          5        0.03       59.90
      O0A2Q |          6        0.04       59.94
      O0B4T |          7        0.05       59.99
      O0D9B |          6        0.04       60.03
      O0E7Z |          8        0.06       60.09
      O0F4X |          6        0.04       60.13
      O0N8K |          4        0.03       60.16
      O0O3G |          6        0.04       60.20
      O0O5I |          8        0.06       60.25
      O0P1F |          6        0.04       60.30
      O0T1J |          5        0.03       60.33
      O0W2N |          6        0.04       60.37
      O0X3P |          5        0.03       60.41
      O0Y6T |          6        0.04       60.45
      O1A2R |          6        0.04       60.49
      O1P1G |          5        0.03       60.52
      O1R6N |          4        0.03       60.55
      O1V2N |          7        0.05       60.60
      O1Y9X |          4        0.03       60.63
      O2D8C |          5        0.03       60.66
      O2E7C |          4        0.03       60.69
      O2G6D |          7        0.05       60.74
      O2K6H |          4        0.03       60.76
      O2M1E |          5        0.03       60.80
      O2M7K |          8        0.06       60.85
      O2P0G |          5        0.03       60.89
      O2P1H |          6        0.04       60.93
      O2P5L |          6        0.04       60.97
      O2Q5M |          7        0.05       61.02
      O2U9U |          5        0.03       61.05
      O2X5T |          5        0.03       61.09
      O2X8W |          4        0.03       61.11
      O3A4V |          6        0.04       61.16
      O3B3V |          8        0.06       61.21
      O3E1W |          6        0.04       61.25
      O3F6D |          6        0.04       61.29
      O3G6E |          5        0.03       61.33
      O3H2B |          6        0.04       61.37
      O3J0B |          6        0.04       61.41
      O3M5J |          6        0.04       61.45
      O3T6R |          5        0.03       61.49
      O3V9W |          4        0.03       61.51
      O3Y5V |          7        0.05       61.56
      O3Y8Y |         10        0.07       61.63
      O4F9H |          7        0.05       61.68
      O4K5I |          4        0.03       61.71
      O4L4I |          6        0.04       61.75
      O4M4J |          6        0.04       61.79
      O4T1N |          5        0.03       61.82
      O5B2W |          4        0.03       61.85
      O5B4Y |          4        0.03       61.88
      O5L1G |          4        0.03       61.91
      O5N2J |          5        0.03       61.94
      O5V6V |          4        0.03       61.97
      O5W8Y |          4        0.03       61.99
      O5X3U |          6        0.04       62.04
      O6C0W |          4        0.03       62.06
      O6D9H |          4        0.03       62.09
      O6F4E |          5        0.03       62.13
      O6R8U |          6        0.04       62.17
      O6Y2V |          4        0.03       62.19
      O7A2X |          4        0.03       62.22
      O7D8H |          6        0.04       62.26
      O8B8G |          5        0.03       62.30
      O8C6F |          4        0.03       62.32
      O8E6H |          6        0.04       62.37
      O8F2E |          5        0.03       62.40
      O8H9N |          6        0.04       62.44
      O8K9Q |          4        0.03       62.47
      O8M2L |          8        0.06       62.52
      O8O0L |          5        0.03       62.56
      O8S9Y |          9        0.06       62.62
      O8U4V |          5        0.03       62.65
      O8X6B |          9        0.06       62.72
      O9E6I |          5        0.03       62.75
      O9F4H |          5        0.03       62.79
      O9G1F |          4        0.03       62.81
      O9K5N |          5        0.03       62.85
      O9R4T |          9        0.06       62.91
      O9T5W |          5        0.03       62.94
      O9V3W |         11        0.08       63.02
      O9W4Y |          6        0.04       63.06
      O9W6B |          5        0.03       63.09
      O9X0V |          4        0.03       63.12
      P0A0P |          7        0.05       63.17
      P0B3T |          6        0.04       63.21
      P0B8Y |          6        0.04       63.25
      P0D5X |          4        0.03       63.28
      P0D6Y |          6        0.04       63.32
      P0J9I |          5        0.03       63.36
      P0L7I |          7        0.05       63.40
      P0U8S |          4        0.03       63.43
      P0W2O |          4        0.03       63.46
      P1K5G |          4        0.03       63.49
      P1O8N |         11        0.08       63.56
      P1P5L |          6        0.04       63.60
      P1R5N |          7        0.05       63.65
      P1T8S |          4        0.03       63.68
      P1Z5V |          5        0.03       63.71
      P2B3V |          4        0.03       63.74
      P2M5J |          6        0.04       63.78
      P2O9P |          4        0.03       63.81
      P2T8T |          9        0.06       63.87
      P2U3P |          6        0.04       63.91
      P2W2Q |          4        0.03       63.94
      P2X7W |          9        0.06       64.00
      P3B1U |          5        0.03       64.04
      P3E5C |          6        0.04       64.08
      P3F7F |          5        0.03       64.11
      P3G3C |          6        0.04       64.15
      P3R3N |          5        0.03       64.19
      P3T1N |         11        0.08       64.26
      P3Y9B |          4        0.03       64.29
      P4G7H |          7        0.05       64.34
      P4G8I |          5        0.03       64.37
      P4O2K |          6        0.04       64.42
      P4U0O |          6        0.04       64.46
      P4Z3W |          4        0.03       64.48
      P5C4B |          8        0.06       64.54
      P5E7G |          7        0.05       64.59
      P5J0E |         10        0.07       64.66
      P5O4N |         13        0.09       64.75
      P5R9V |          8        0.06       64.80
      P5V5V |          6        0.04       64.84
      P6C9H |          7        0.05       64.89
      P6F3E |         10        0.07       64.96
      P6F5G |          6        0.04       65.00
      P6G3F |          6        0.04       65.04
      P6G5H |          4        0.03       65.07
      P6J1G |         10        0.07       65.14
      P6L1I |          7        0.05       65.19
      P6Q0M |          5        0.03       65.22
      P6R3Q |          6        0.04       65.26
      P6X5Y |          5        0.03       65.30
      P6X8C |          5        0.03       65.33
      P6Y1V |          7        0.05       65.38
      P6Z2X |          4        0.03       65.41
      P7A1X |          6        0.04       65.45
      P7A7E |          5        0.03       65.48
      P7H1F |          6        0.04       65.52
      P7N4O |          6        0.04       65.56
      P7W6Z |          8        0.06       65.62
      P7X1V |          7        0.05       65.67
      P8E5H |          6        0.04       65.71
      P8I1H |          6        0.04       65.75
      P8L5O |          7        0.05       65.80
      P8S2S |          7        0.05       65.85
      P9B3D |          5        0.03       65.88
      P9B4E |          6        0.04       65.92
      P9C5G |          6        0.04       65.96
      P9D3F |         10        0.07       66.03
      P9E9M |          8        0.06       66.09
      P9M2N |          5        0.03       66.12
      P9P3R |          8        0.06       66.18
      P9P6U |          8        0.06       66.23
      P9R7X |          4        0.03       66.26
      P9X2Y |          4        0.03       66.29
      P9X3Z |          5        0.03       66.32
      P9Z9I |          5        0.03       66.35
      Q0B2T |          5        0.03       66.39
      Q0C5X |          4        0.03       66.42
      Q0G0W |          4        0.03       66.44
      Q0G4B |          7        0.05       66.49
      Q0M7K |          4        0.03       66.52
      Q0T1L |          6        0.04       66.56
      Q0T8S |          8        0.06       66.62
      Q0W3Q |          5        0.03       66.65
      Q0X2Q |          4        0.03       66.68
      Q0Z9Z |          5        0.03       66.71
      Q1A0R |          4        0.03       66.74
      Q1C9D |          5        0.03       66.77
      Q1D1V |          6        0.04       66.82
      Q1J6H |          6        0.04       66.86
      Q1M0E |          9        0.06       66.92
      Q1P9Q |          9        0.06       66.98
      Q1S8S |         10        0.07       67.05
      Q1W4S |          4        0.03       67.08
      Q1W6U |          5        0.03       67.11
      Q2A1T |          7        0.05       67.16
      Q2C5Z |          4        0.03       67.19
      Q2C8D |          6        0.04       67.23
      Q2E2Y |          5        0.03       67.26
      Q2E8F |          6        0.04       67.30
      Q2H2C |          7        0.05       67.35
      Q2L5J |          4        0.03       67.38
      Q2N5L |          6        0.04       67.42
      Q2O3K |          4        0.03       67.45
      Q2Q4N |          6        0.04       67.49
      Q2R1L |          4        0.03       67.52
      Q2X6W |          5        0.03       67.55
      Q3G6G |          5        0.03       67.59
      Q3J1E |          6        0.04       67.63
      Q3K6K |          7        0.05       67.68
      Q3L3I |          5        0.03       67.71
      Q3M0G |          5        0.03       67.74
      Q3M8O |          7        0.05       67.79
      Q3R6R |          5        0.03       67.83
      Q3U2Q |          4        0.03       67.85
      Q4C8F |          6        0.04       67.90
      Q4D0X |          7        0.05       67.94
      Q4D4C |          7        0.05       67.99
      Q4F5F |          5        0.03       68.03
      Q4J4I |          6        0.04       68.07
      Q4K1G |          4        0.03       68.09
      Q4Q9U |          6        0.04       68.14
      Q4S1O |          4        0.03       68.16
      Q4T0O |          5        0.03       68.20
      Q4W2T |          5        0.03       68.23
      Q5H9M |          4        0.03       68.26
      Q5I0E |          9        0.06       68.32
      Q5J2H |          6        0.04       68.36
      Q5P1M |          6        0.04       68.40
      Q5R0N |          4        0.03       68.43
      Q5U2S |          5        0.03       68.47
      Q5W5X |          7        0.05       68.51
      Q5W6Y |          6        0.04       68.56
      Q5Y3X |          4        0.03       68.58
      Q6D7H |          8        0.06       68.64
      Q6E0B |          8        0.06       68.69
      Q6G7K |          5        0.03       68.73
      Q6K7O |          6        0.04       68.77
      Q6N2M |          5        0.03       68.80
      Q6N6Q |          5        0.03       68.84
      Q6S7W |          6        0.04       68.88
      Q6W9D |          5        0.03       68.91
      Q6X8D |          7        0.05       68.96
      Q7A8G |          5        0.03       69.00
      Q7C9J |          8        0.06       69.05
      Q7E0C |          5        0.03       69.09
      Q7G8M |          8        0.06       69.14
      Q7H3I |          6        0.04       69.18
      Q7H8N |          6        0.04       69.22
      Q7S5V |          6        0.04       69.26
      Q8A4D |          4        0.03       69.29
      Q8E1E |          5        0.03       69.33
      Q8E2F |          8        0.06       69.38
      Q8F1F |          8        0.06       69.44
      Q8H0G |          6        0.04       69.48
      Q8H2I |          5        0.03       69.51
      Q8M8T |          5        0.03       69.55
      Q8N1N |          9        0.06       69.61
      Q8N6S |          4        0.03       69.64
      Q8P7V |          6        0.04       69.68
      Q8V4Y |          5        0.03       69.71
      Q8Y1Y |          6        0.04       69.75
      Q8Z4D |          4        0.03       69.78
      Q9H3K |          5        0.03       69.81
      Q9O2Q |          5        0.03       69.85
      Q9Q3T |          5        0.03       69.88
      Q9Q8Y |          6        0.04       69.92
      Q9U5Z |         11        0.08       70.00
      Q9X7F |          6        0.04       70.04
      Q9Y0Y |          6        0.04       70.08
      R0E6C |         10        0.07       70.15
      R0F1X |          7        0.05       70.20
      R0F7E |          6        0.04       70.24
      R0K8K |          4        0.03       70.27
      R0L5I |          4        0.03       70.30
      R1D0V |          7        0.05       70.34
      R1E0W |          5        0.03       70.38
      R1F0X |          5        0.03       70.41
      R1F5D |          5        0.03       70.45
      R1L4I |          9        0.06       70.51
      R1Z4W |          5        0.03       70.54
      R2A4X |          5        0.03       70.58
      R2C9F |          6        0.04       70.62
      R2F9I |          8        0.06       70.67
      R2J1E |          7        0.05       70.72
      R2L0F |          7        0.05       70.77
      R2N0H |          6        0.04       70.81
      R2T5S |          4        0.03       70.84
      R2T8V |          4        0.03       70.87
      R2U9X |          6        0.04       70.91
      R2V0P |          4        0.03       70.94
      R2Z7B |          5        0.03       70.97
      R2Z9D |          5        0.03       71.00
      R3D3B |          5        0.03       71.04
      R3G8J |          4        0.03       71.07
      R3M0H |          6        0.04       71.11
      R3M1I |          8        0.06       71.16
      R3O4N |          5        0.03       71.20
      R3P2M |         10        0.07       71.27
      R3Q1M |          5        0.03       71.30
      R3Q7S |          6        0.04       71.34
      R3Y9D |          5        0.03       71.38
      R4B9G |          6        0.04       71.42
      R4C7F |          6        0.04       71.46
      R4D7G |          6        0.04       71.50
      R4G2E |          5        0.03       71.53
      R4G9L |          8        0.06       71.59
      R4H0D |          8        0.06       71.64
      R4I8M |          5        0.03       71.68
      R4L3K |          5        0.03       71.71
      R4L5M |          7        0.05       71.76
      R4M2K |          5        0.03       71.80
      R4M8Q |          6        0.04       71.84
      R4P2N |          5        0.03       71.87
      R4R7U |          6        0.04       71.91
      R5D2C |          5        0.03       71.95
      R5G6J |          4        0.03       71.97
      R5O5Q |          6        0.04       72.02
      R5R9X |          5        0.03       72.05
      R5X0U |         10        0.07       72.12
      R5Z7E |          4        0.03       72.15
      R6D0B |          7        0.05       72.19
      R6G9N |          4        0.03       72.22
      R6I7N |          6        0.04       72.26
      R6N6R |          5        0.03       72.30
      R6Q2Q |          7        0.05       72.35
      R6W1V |          4        0.03       72.37
      R6Z6E |          7        0.05       72.42
      R7B3D |          7        0.05       72.47
      R7D9L |          6        0.04       72.51
      R7G1G |          9        0.06       72.57
      R7L0K |          4        0.03       72.60
      R7R6W |          6        0.04       72.64
      R7S0R |          5        0.03       72.68
      R7S8Z |          5        0.03       72.71
      R7V3X |          7        0.05       72.76
      R7Z0Y |          4        0.03       72.79
      R7Z1Z |          7        0.05       72.83
      R7Z5E |          6        0.04       72.87
      R8L5Q |          4        0.03       72.90
      R8S0S |          4        0.03       72.93
      R8S5X |          7        0.05       72.98
      R8U9E |          5        0.03       73.01
      R8W1X |          6        0.04       73.05
      R8Y3C |          6        0.04       73.09
      R9G2J |          5        0.03       73.13
      R9J5P |          8        0.06       73.18
      R9L6S |          8        0.06       73.24
      R9M1O |          7        0.05       73.29
      R9T3X |          6        0.04       73.33
      R9V3Z |          5        0.03       73.36
      S0A0S |          5        0.03       73.40
      S0F5D |          5        0.03       73.43
      S0F8G |          7        0.05       73.48
      S0G4D |          5        0.03       73.51
      S0O6N |          6        0.04       73.56
      S0T9V |          8        0.06       73.61
      S0V8W |          8        0.06       73.67
      S1A1U |         12        0.08       73.75
      S1B3X |          7        0.05       73.80
      S1E9H |          8        0.06       73.85
      S1G6G |          6        0.04       73.89
      S1R2N |          5        0.03       73.93
      S1S7T |         10        0.07       74.00
      S1Y6Y |          6        0.04       74.04
      S2D7F |          6        0.04       74.08
      S2K3I |          6        0.04       74.12
      S2M7O |         10        0.07       74.19
      S2R8U |          5        0.03       74.22
      S2W4V |          5        0.03       74.26
      S2Y6Z |         11        0.08       74.33
      S2Z6B |          4        0.03       74.36
      S2Z7C |          7        0.05       74.41
      S3B8F |          8        0.06       74.46
      S3H0D |          4        0.03       74.49
      S3J5K |          8        0.06       74.55
      S3K8O |          7        0.05       74.59
      S3O7R |          7        0.05       74.64
      S3P1M |          7        0.05       74.69
      S3Q6S |          5        0.03       74.72
      S3U7X |         10        0.07       74.79
      S3W8B |          5        0.03       74.83
      S4D3D |          9        0.06       74.89
      S4G5I |          6        0.04       74.93
      S4H5J |          4        0.03       74.96
      S4J7N |          9        0.06       75.02
      S4P7T |         27        0.19       75.21
      S4V7Z |          4        0.03       75.23
      S4V8B |          5        0.03       75.27
      S5B0Y |          8        0.06       75.32
      S5G5J |          6        0.04       75.36
      S5H1G |          7        0.05       75.41
      S5J4L |          6        0.04       75.45
      S5O3P |          6        0.04       75.50
      S5O8U |          5        0.03       75.53
      S5P3Q |          4        0.03       75.56
      S5S3T |          4        0.03       75.58
      S5U0S |          5        0.03       75.62
      S5V6Z |          6        0.04       75.66
      S6F2G |          4        0.03       75.69
      S6J8Q |         13        0.09       75.78
      S6M0L |          5        0.03       75.81
      S6N2O |          5        0.03       75.85
      S6Q3S |          5        0.03       75.88
      S6Q8X |          5        0.03       75.91
      S6R5V |          4        0.03       75.94
      S7A2C |          5        0.03       75.98
      S7D0D |          6        0.04       76.02
      S7D3G |          6        0.04       76.06
      S7F7M |          4        0.03       76.09
      S7H8P |         10        0.07       76.16
      S7J7Q |          5        0.03       76.19
      S7N7U |          6        0.04       76.23
      S7O3R |          5        0.03       76.27
      S7P6V |          5        0.03       76.30
      S7S1T |         10        0.07       76.37
      S7S5X |          4        0.03       76.40
      S7V0V |          5        0.03       76.43
      S7V3Y |          5        0.03       76.46
      S7X2Z |          6        0.04       76.51
      S7Y2B |          4        0.03       76.53
      S7Y5E |          5        0.03       76.57
      S7Z9J |          6        0.04       76.61
      S8A5G |          9        0.06       76.67
      S8B5H |         10        0.07       76.74
      S8W9H |          4        0.03       76.77
      S9C8M |          6        0.04       76.81
      S9F3K |          5        0.03       76.84
      S9H4N |          6        0.04       76.88
      S9K9V |          6        0.04       76.93
      S9M2Q |          7        0.05       76.97
      S9N4T |          7        0.05       77.02
      S9P3U |          5        0.03       77.06
      S9S9E |          4        0.03       77.08
      T0A2V |          4        0.03       77.11
      T0B5Z |          6        0.04       77.15
      T0D1X |          5        0.03       77.19
      T0D7E |          5        0.03       77.22
      T0L0F |          5        0.03       77.26
      T0Z3W |          7        0.05       77.30
      T1E0Y |          5        0.03       77.34
      T1E1Z |          5        0.03       77.37
      T1F6G |          8        0.06       77.43
      T1F9J |          5        0.03       77.46
      T1H4G |          7        0.05       77.51
      T1O3M |          5        0.03       77.54
      T1P7R |          7        0.05       77.59
      T1Q9U |          5        0.03       77.63
      T1R2O |          6        0.04       77.67
      T1S2P |          8        0.06       77.72
      T1Z0U |          6        0.04       77.76
      T2F8J |          6        0.04       77.81
      T2K5L |          6        0.04       77.85
      T2Y9E |          5        0.03       77.88
      T3F1D |          5        0.03       77.92
      T3N6Q |          5        0.03       77.95
      T3Y1W |          4        0.03       77.98
      T4A0X |          7        0.05       78.03
      T4A3B |          5        0.03       78.06
      T4N0L |          7        0.05       78.11
      T4N5Q |          4        0.03       78.14
      T4P3Q |          5        0.03       78.17
      T4P4R |          6        0.04       78.21
      T4R4T |          8        0.06       78.27
      T4V3W |          6        0.04       78.31
      T4X4Z |          4        0.03       78.34
      T4Z3B |          5        0.03       78.37
      T5A4D |          5        0.03       78.40
      T5A7G |          5        0.03       78.44
      T5G7M |          5        0.03       78.47
      T5J3L |          5        0.03       78.51
      T5K2L |          5        0.03       78.54
      T5M3O |          5        0.03       78.58
      T5N7T |          5        0.03       78.61
      T5R8Y |          4        0.03       78.64
      T5S2T |          6        0.04       78.68
      T5V9E |          5        0.03       78.71
      T6I7P |          5        0.03       78.75
      T6S1T |          4        0.03       78.78
      T6W3Z |          5        0.03       78.81
      T7E8N |          6        0.04       78.85
      T7I6P |          4        0.03       78.88
      T7M0N |          5        0.03       78.91
      T7M6T |          6        0.04       78.95
      T7O3S |          9        0.06       79.02
      T7X9I |          6        0.04       79.06
      T8C5J |          8        0.06       79.11
      T8K1N |          5        0.03       79.15
      T8M7V |          8        0.06       79.20
      T8N5U |          4        0.03       79.23
      T8Q0S |          4        0.03       79.26
      T8Q7Z |          5        0.03       79.29
      T8R3W |          5        0.03       79.33
      T9E8P |          5        0.03       79.36
      T9F1J |          5        0.03       79.39
      T9G9S |          9        0.06       79.46
      T9O1S |          5        0.03       79.49
      T9O9B |          5        0.03       79.53
      T9Q2V |          7        0.05       79.57
      U0C2Y |          5        0.03       79.61
      U0C9G |          4        0.03       79.64
      U0E3C |          4        0.03       79.66
      U0E4D |          5        0.03       79.70
      U0H5H |          5        0.03       79.73
      U0T2Q |          5        0.03       79.77
      U0Z9E |          5        0.03       79.80
      U1D1Z |          6        0.04       79.84
      U1D3C |          7        0.05       79.89
      U1E4E |          6        0.04       79.93
      U1F5G |          8        0.06       79.99
      U1H4H |         10        0.07       80.06
      U1H7K |          6        0.04       80.10
      U1M4M |          4        0.03       80.12
      U1N6P |          6        0.04       80.17
      U1N9S |          6        0.04       80.21
      U1R9W |          6        0.04       80.25
      U2B6E |          4        0.03       80.28
      U2D9J |          7        0.05       80.32
      U2H7L |          6        0.04       80.36
      U2I0F |          4        0.03       80.39
      U2N1L |         11        0.08       80.47
      U2N9T |          8        0.06       80.52
      U2U8Z |          5        0.03       80.56
      U2W5Y |          5        0.03       80.59
      U2X3X |          4        0.03       80.62
      U2X7C |          6        0.04       80.66
      U3G2G |          5        0.03       80.69
      U3I5L |          4        0.03       80.72
      U3J4L |          5        0.03       80.76
      U3N1M |          6        0.04       80.80
      U4F5J |          4        0.03       80.83
      U4R9Z |          5        0.03       80.86
      U4S1S |          6        0.04       80.90
      U4V8D |          4        0.03       80.93
      U4Z2B |          6        0.04       80.97
      U5G0G |          4        0.03       81.00
      U5H3K |          6        0.04       81.04
      U5H9Q |          5        0.03       81.07
      U5K2M |          7        0.05       81.12
      U5K9T |          4        0.03       81.15
      U5O7V |          6        0.04       81.19
      U5R5W |          4        0.03       81.22
      U5S5X |          6        0.04       81.26
      U5S7Z |          5        0.03       81.29
      U5T0T |          6        0.04       81.33
      U5T9D |          5        0.03       81.37
      U5U6B |          9        0.06       81.43
      U5X3B |         10        0.07       81.50
      U5X8G |          4        0.03       81.53
      U5Y0Y |          4        0.03       81.55
      U5Y8H |          5        0.03       81.59
      U6A1C |          5        0.03       81.62
      U6F5L |          5        0.03       81.66
      U6F7N |          4        0.03       81.69
      U6K7S |          5        0.03       81.72
      U6M3Q |          5        0.03       81.75
      U6O6V |          6        0.04       81.80
      U6Q8Z |          6        0.04       81.84
      U6S8C |          8        0.06       81.89
      U6V7E |          8        0.06       81.95
      U7E6M |          5        0.03       81.98
      U7P3U |          5        0.03       82.02
      U7S4Y |          5        0.03       82.05
      U7T9F |          9        0.06       82.11
      U8B0E |         11        0.08       82.19
      U8B5J |          5        0.03       82.22
      U8C4J |          5        0.03       82.26
      U8E1I |          7        0.05       82.30
      U8G2L |          8        0.06       82.36
      U8K7U |          5        0.03       82.39
      U8Q2V |          5        0.03       82.43
      U9D0H |         12        0.08       82.51
      U9H4P |          4        0.03       82.54
      U9J9W |          4        0.03       82.57
      U9L9Y |          6        0.04       82.61
      U9P2V |          6        0.04       82.65
      U9R2X |          6        0.04       82.69
      U9W4F |          4        0.03       82.72
      V0C5D |          5        0.03       82.75
      V0F2D |          4        0.03       82.78
      V0J5K |          7        0.05       82.83
      V0J6L |          4        0.03       82.85
      V0O5P |          8        0.06       82.91
      V0T4T |          5        0.03       82.94
      V0U1R |          6        0.04       82.98
      V0W9C |          4        0.03       83.01
      V1C6F |         10        0.07       83.08
      V1C7G |          4        0.03       83.11
      V1L7P |          7        0.05       83.16
      V1M3M |          6        0.04       83.20
      V1O7S |          7        0.05       83.25
      V1R5T |          6        0.04       83.29
      V1S5U |          4        0.03       83.31
      V1T5V |          7        0.05       83.36
      V1V9C |          5        0.03       83.40
      V2H2H |          4        0.03       83.43
      V2I3J |          5        0.03       83.46
      V2J7O |          7        0.05       83.51
      V2K5N |          7        0.05       83.56
      V2K6O |          7        0.05       83.60
      V2L4N |          7        0.05       83.65
      V2L6P |          7        0.05       83.70
      V2O2O |          7        0.05       83.75
      V2O7T |          6        0.04       83.79
      V2Q2Q |          8        0.06       83.84
      V2Q9X |          7        0.05       83.89
      V2S4U |         10        0.07       83.96
      V2V0T |          4        0.03       83.99
      V2V1U |          6        0.04       84.03
      V2Y1X |          4        0.03       84.06
      V3E2F |          4        0.03       84.09
      V3K9S |          6        0.04       84.13
      V3U2V |          6        0.04       84.17
      V3U4X |          5        0.03       84.20
      V3U8C |          8        0.06       84.26
      V4A0Z |          8        0.06       84.31
      V4A9J |          6        0.04       84.35
      V4D0D |          6        0.04       84.39
      V4H4L |          6        0.04       84.44
      V4I5N |          6        0.04       84.48
      V4J1K |          6        0.04       84.52
      V4M1N |          9        0.06       84.58
      V4M2O |          7        0.05       84.63
      V4M3P |          6        0.04       84.67
      V4N6T |          5        0.03       84.70
      V5B3F |          6        0.04       84.75
      V5C0D |          6        0.04       84.79
      V5O5U |          5        0.03       84.82
      V5Q4V |          5        0.03       84.86
      V5Q7Y |          4        0.03       84.88
      V5W9H |          5        0.03       84.92
      V5X3C |          7        0.05       84.97
      V5Y1B |          7        0.05       85.01
      V6D4J |          5        0.03       85.05
      V6E9P |          6        0.04       85.09
      V6U7E |          6        0.04       85.13
      V6X6G |          6        0.04       85.17
      V7A0D |          4        0.03       85.20
      V7A5I |          4        0.03       85.23
      V7H9T |          5        0.03       85.26
      V7N6W |          5        0.03       85.30
      V7P5X |          5        0.03       85.33
      V7R4Y |          6        0.04       85.37
      V8B3I |          8        0.06       85.43
      V8H2N |          5        0.03       85.46
      V8I0M |          5        0.03       85.50
      V8M7X |          6        0.04       85.54
      V8N4V |          6        0.04       85.58
      V8N7Y |          5        0.03       85.61
      V8Q1V |          4        0.03       85.64
      V8R0V |          8        0.06       85.69
      V8V1B |          6        0.04       85.74
      V8Y0D |          5        0.03       85.77
      V8Z8M |          7        0.05       85.82
      V9G9U |         11        0.08       85.89
      V9M1S |          6        0.04       85.94
      V9M8Z |          7        0.05       85.98
      V9P3X |          6        0.04       86.02
      V9R3Z |          6        0.04       86.07
      V9S9H |          4        0.03       86.09
      W0B0X |          5        0.03       86.13
      W0B6E |          4        0.03       86.16
      W0D8I |          5        0.03       86.19
      W0O2N |          5        0.03       86.22
      W0S1Q |          7        0.05       86.27
      W0S2R |          5        0.03       86.31
      W0V0S |          8        0.06       86.36
      W1E9L |          6        0.04       86.40
      W1L4N |          6        0.04       86.44
      W1P4R |          4        0.03       86.47
      W1T1S |          4        0.03       86.50
      W1T2T |          7        0.05       86.55
      W1W3X |          6        0.04       86.59
      W1Z1Y |          4        0.03       86.62
      W2B3D |          5        0.03       86.65
      W2C0B |          6        0.04       86.69
      W2D5H |          5        0.03       86.73
      W2G4J |          5        0.03       86.76
      W2H8O |          6        0.04       86.80
      W2J4M |          4        0.03       86.83
      W2U5Y |          7        0.05       86.88
      W2V1V |          7        0.05       86.93
      W2V6B |          4        0.03       86.95
      W2W9F |          8        0.06       87.01
      W2Z6F |          4        0.03       87.04
      W3C8K |          5        0.03       87.07
      W3G0G |          9        0.06       87.13
      W3H6N |          7        0.05       87.18
      W3M6S |          7        0.05       87.23
      W3M9V |          9        0.06       87.29
      W3N6T |          7        0.05       87.34
      W3V7D |          6        0.04       87.38
      W4A1C |          4        0.03       87.41
      W4A2D |         11        0.08       87.48
      W4A4F |          6        0.04       87.52
      W4C0D |          4        0.03       87.55
      W4I2L |          6        0.04       87.59
      W4K2N |          5        0.03       87.63
      W4P7X |          4        0.03       87.65
      W4Q2T |          5        0.03       87.69
      W4S5Y |          5        0.03       87.72
      W4Z8J |          6        0.04       87.76
      W5G8Q |          6        0.04       87.81
      W5J3O |          7        0.05       87.85
      W5M2Q |          6        0.04       87.90
      W5O5V |          6        0.04       87.94
      W5R9D |          8        0.06       87.99
      W6C1G |          6        0.04       88.03
      W6E0H |          5        0.03       88.07
      W6F5N |          5        0.03       88.10
      W6M5U |          5        0.03       88.14
      W6P1T |          7        0.05       88.18
      W6Q2V |          7        0.05       88.23
      W6R2W |          8        0.06       88.29
      W6S3Y |          4        0.03       88.31
      W6U3B |          5        0.03       88.35
      W6V5E |          5        0.03       88.38
      W6V9I |          7        0.05       88.43
      W6W1B |          6        0.04       88.47
      W6X6H |          7        0.05       88.52
      W7A1F |          7        0.05       88.57
      W7E3L |          6        0.04       88.61
      W7E5N |          6        0.04       88.65
      W7E8Q |          5        0.03       88.69
      W7V7H |          5        0.03       88.72
      W7X4G |          5        0.03       88.76
      W7X5H |          5        0.03       88.79
      W8A3I |          5        0.03       88.82
      W8B8O |          6        0.04       88.87
      W8C9Q |          7        0.05       88.91
      W8D7P |          6        0.04       88.95
      W8T8H |          6        0.04       89.00
      W9B0H |          6        0.04       89.04
      W9E2M |          5        0.03       89.07
      W9L8Z |          5        0.03       89.11
      W9Q9G |          4        0.03       89.13
      W9R7F |          4        0.03       89.16
      W9S9I |          7        0.05       89.21
      W9V4G |          6        0.04       89.25
      W9Y5K |          5        0.03       89.28
      W9Z4K |          5        0.03       89.32
      X0C8I |          7        0.05       89.37
      X0F1E |          6        0.04       89.41
      X0G5J |          7        0.05       89.46
      X0H3I |          6        0.04       89.50
      X0K9R |          4        0.03       89.53
      X0Q6U |          5        0.03       89.56
      X0R1Q |          5        0.03       89.59
      X0T0R |          7        0.05       89.64
      X0T7Y |          7        0.05       89.69
      X0T9B |          4        0.03       89.72
      X0X4Z |          5        0.03       89.75
      X0Z7F |          8        0.06       89.81
      X1A5E |          8        0.06       89.86
      X1I0H |          5        0.03       89.90
      X1K9S |          5        0.03       89.93
      X1O2P |          5        0.03       89.97
      X1Q5U |          6        0.04       90.01
      X1T6Y |          5        0.03       90.04
      X1U1U |          7        0.05       90.09
      X1Z3C |          4        0.03       90.12
      X2I6O |          9        0.06       90.18
      X2J8R |          4        0.03       90.21
      X2Q6W |          5        0.03       90.24
      X3A0B |          6        0.04       90.28
      X3A1C |          5        0.03       90.32
      X3L0M |          6        0.04       90.36
      X3N2Q |          7        0.05       90.41
      X3O9Y |          5        0.03       90.44
      X3V7E |          6        0.04       90.48
      X3W1Y |          5        0.03       90.52
      X3W5D |          5        0.03       90.55
      X4A8K |          5        0.03       90.58
      X4C2G |          8        0.06       90.64
      X4E2I |          8        0.06       90.69
      X4F2J |          5        0.03       90.73
      X4F3K |          6        0.04       90.77
      X4F8P |          7        0.05       90.82
      X4G6O |          5        0.03       90.85
      X4G7P |          5        0.03       90.89
      X4L2P |          7        0.05       90.94
      X4O0Q |          8        0.06       90.99
      X4R0T |          7        0.05       91.04
      X4S2W |          6        0.04       91.08
      X4X7H |          8        0.06       91.13
      X5A5I |          7        0.05       91.18
      X5B6K |          4        0.03       91.21
      X5F7P |          6        0.04       91.25
      X5G2L |         10        0.07       91.32
      X5J4Q |          4        0.03       91.35
      X5N5V |          8        0.06       91.40
      X5N9Z |          7        0.05       91.45
      X5Q4X |          4        0.03       91.48
      X5U0X |          8        0.06       91.53
      X5U8G |          5        0.03       91.57
      X6B3I |          7        0.05       91.62
      X6D2J |          6        0.04       91.66
      X6G5P |          5        0.03       91.69
      X6K8W |          6        0.04       91.73
      X6T5D |          4        0.03       91.76
      X7B4K |          4        0.03       91.79
      X7C6N |          5        0.03       91.82
      X7C8P |          7        0.05       91.87
      X7G5Q |          7        0.05       91.92
      X7M5W |          5        0.03       91.95
      X7W8K |          5        0.03       91.99
      X8A1H |          9        0.06       92.05
      X8A8O |         10        0.07       92.12
      X8B2J |          7        0.05       92.17
      X8C1J |          7        0.05       92.21
      X8F7S |          6        0.04       92.26
      X8G8U |          4        0.03       92.28
      X8J2R |          6        0.04       92.32
      X8L1S |          5        0.03       92.36
      X8N5Y |          7        0.05       92.41
      X8P8E |          8        0.06       92.46
      X8R2Z |          5        0.03       92.50
      X9A5M |          6        0.04       92.54
      X9B2K |          6        0.04       92.58
      X9D9T |          6        0.04       92.62
      X9E7S |          7        0.05       92.67
      X9P7E |         11        0.08       92.74
      X9V9M |          8        0.06       92.80
      X9W9N |          5        0.03       92.83
      X9Z4L |          6        0.04       92.87
      Y0A6F |          4        0.03       92.90
      Y0F7L |          7        0.05       92.95
      Y0G6L |          5        0.03       92.98
      Y0H8O |          4        0.03       93.01
      Y0I0H |          5        0.03       93.05
      Y0I8P |          5        0.03       93.08
      Y0K8R |          7        0.05       93.13
      Y0M4P |          5        0.03       93.16
      Y0P7V |          4        0.03       93.19
      Y0R0Q |         11        0.08       93.27
      Y0R9Z |          4        0.03       93.29
      Y0U8C |          4        0.03       93.32
      Y0W0V |          8        0.06       93.38
      Y1A4E |          5        0.03       93.41
      Y1A9J |          4        0.03       93.44
      Y1N1O |          4        0.03       93.47
      Y1N9W |          4        0.03       93.49
      Y1S7Z |          6        0.04       93.54
      Y1V2X |          8        0.06       93.59
      Y2G6N |          5        0.03       93.62
      Y2H6O |          6        0.04       93.67
      Y2N4S |          5        0.03       93.70
      Y2O6V |          7        0.05       93.75
      Y2P0Q |          6        0.04       93.79
      Y2U9F |          7        0.05       93.84
      Y2V1X |          6        0.04       93.88
      Y2V9G |          5        0.03       93.91
      Y2Y4E |          4        0.03       93.94
      Y3A2E |          5        0.03       93.98
      Y3E8O |          8        0.06       94.03
      Y3I9T |          4        0.03       94.06
      Y3U7E |          7        0.05       94.11
      Y3Z0C |          7        0.05       94.15
      Y4B7L |          4        0.03       94.18
      Y4D1H |          9        0.06       94.24
      Y4G6P |          7        0.05       94.29
      Y4K7U |          5        0.03       94.33
      Y4O4V |          5        0.03       94.36
      Y4R6B |          4        0.03       94.39
      Y4U0X |          6        0.04       94.43
      Y4W5F |          9        0.06       94.49
      Y4Z6J |          5        0.03       94.53
      Y5D0H |          8        0.06       94.58
      Y5G1L |          5        0.03       94.61
      Y5P8C |          8        0.06       94.67
      Y5R1W |          4        0.03       94.70
      Y5S9G |          7        0.05       94.75
      Y5W5G |          5        0.03       94.78
      Y6B6M |          6        0.04       94.82
      Y6B8O |          5        0.03       94.86
      Y6F0K |          8        0.06       94.91
      Y6F9T |          4        0.03       94.94
      Y6J2Q |          9        0.06       95.00
      Y6N1T |          5        0.03       95.03
      Y6P3X |          6        0.04       95.08
      Y6Q9F |          7        0.05       95.12
      Y6W7J |          5        0.03       95.16
      Y6Y7L |          4        0.03       95.19
      Y7B6N |          6        0.04       95.23
      Y7B8P |          5        0.03       95.26
      Y7G1N |          7        0.05       95.31
      Y7G5R |          4        0.03       95.34
      Y7J7W |          8        0.06       95.39
      Y7L0R |          8        0.06       95.45
      Y7N0T |          8        0.06       95.50
      Y7Z5L |          5        0.03       95.54
      Y8A6N |          6        0.04       95.58
      Y8F1N |          7        0.05       95.63
      Y8K0R |          6        0.04       95.67
      Y8K4V |          4        0.03       95.69
      Y8L0S |          8        0.06       95.75
      Y8N1V |          4        0.03       95.78
      Y8N6B |          6        0.04       95.82
      Y8P4B |          5        0.03       95.85
      Y8P8F |         11        0.08       95.93
      Y8R5E |          4        0.03       95.96
      Y8S4E |          5        0.03       95.99
      Y8Z0H |          5        0.03       96.02
      Y9A4M |          4        0.03       96.05
      Y9H9Y |          5        0.03       96.09
      Y9M4Y |          4        0.03       96.11
      Y9V0E |          8        0.06       96.17
      Z0C5H |          5        0.03       96.20
      Z0C8K |         14        0.10       96.30
      Z0J0J |          6        0.04       96.34
      Z0L5Q |          5        0.03       96.38
      Z0O8W |          6        0.04       96.42
      Z0P0P |          7        0.05       96.46
      Z0Q8Y |          6        0.04       96.51
      Z0R3U |          6        0.04       96.55
      Z0S0S |          5        0.03       96.58
      Z0S5X |          5        0.03       96.62
      Z0Y1Z |          6        0.04       96.66
      Z1A4F |          5        0.03       96.69
      Z1J0K |          5        0.03       96.73
      Z1N5T |          6        0.04       96.77
      Z1W3B |          9        0.06       96.83
      Z1Y9J |          5        0.03       96.86
      Z2B3G |          4        0.03       96.89
      Z2C2G |          6        0.04       96.93
      Z2D0F |          6        0.04       96.97
      Z2J1M |          5        0.03       97.01
      Z2J4P |          4        0.03       97.04
      Z2L3Q |          7        0.05       97.08
      Z2M5T |          5        0.03       97.12
      Z2N3S |          4        0.03       97.15
      Z2Q0S |          5        0.03       97.18
      Z2Z8K |          5        0.03       97.21
      Z3F9R |          5        0.03       97.25
      Z3I2N |          5        0.03       97.28
      Z3J0M |          5        0.03       97.32
      Z3O8Z |          4        0.03       97.35
      Z3S2X |          8        0.06       97.40
      Z3T4B |          6        0.04       97.44
      Z4F2L |          4        0.03       97.47
      Z4I6S |          6        0.04       97.51
      Z4K6U |          9        0.06       97.57
      Z4M1R |          5        0.03       97.61
      Z4M6W |          7        0.05       97.65
      Z4O8B |          8        0.06       97.71
      Z4Q4Y |          8        0.06       97.76
      Z4T9H |          5        0.03       97.80
      Z4W3E |          6        0.04       97.84
      Z4W4F |          4        0.03       97.87
      Z5B1H |          8        0.06       97.92
      Z5C6N |          5        0.03       97.96
      Z5D2K |          7        0.05       98.01
      Z5F4O |          4        0.03       98.03
      Z5F5P |          6        0.04       98.07
      Z5O3W |          6        0.04       98.12
      Z5S0X |          4        0.03       98.14
      Z5T2B |          6        0.04       98.18
      Z5V6H |          4        0.03       98.21
      Z5X6J |          6        0.04       98.25
      Z5X8L |          5        0.03       98.29
      Z6B3K |          5        0.03       98.32
      Z6B4L |          5        0.03       98.36
      Z6I7V |          4        0.03       98.38
      Z6J7W |          5        0.03       98.42
      Z6Q3Z |          6        0.04       98.46
      Z6R6E |          5        0.03       98.49
      Z6R7F |          5        0.03       98.53
      Z6T1B |          5        0.03       98.56
      Z6U8J |          4        0.03       98.59
      Z6V3F |          5        0.03       98.62
      Z6W5I |          5        0.03       98.66
      Z6X1F |          6        0.04       98.70
      Z7B0I |          7        0.05       98.75
      Z7E6R |          6        0.04       98.79
      Z7G7U |          9        0.06       98.85
      Z7G9W |          4        0.03       98.88
      Z7H7V |          4        0.03       98.91
      Z7H8W |          6        0.04       98.95
      Z7M4X |          6        0.04       98.99
      Z7P4B |          5        0.03       99.02
      Z7Q1Y |          7        0.05       99.07
      Z7S5F |          7        0.05       99.12
      Z7U4G |          5        0.03       99.15
      Z7Z0H |          6        0.04       99.20
      Z7Z1I |          5        0.03       99.23
      Z8A0I |          6        0.04       99.27
      Z8C4O |          4        0.03       99.30
      Z8G6U |          6        0.04       99.34
      Z8M7C |          6        0.04       99.38
      Z8S0B |          5        0.03       99.42
      Z8Y0H |          7        0.05       99.46
      Z9A3M |          5        0.03       99.50
      Z9D4Q |          5        0.03       99.53
      Z9E4R |          5        0.03       99.57
      Z9E9W |          4        0.03       99.59
      Z9F0O |          4        0.03       99.62
      Z9H1R |          4        0.03       99.65
      Z9H6W |          6        0.04       99.69
      Z9I0R |          7        0.05       99.74
      Z9J8B |          4        0.03       99.77
      Z9P2B |          4        0.03       99.79
      Z9T4H |          9        0.06       99.86
      Z9U0E |          5        0.03       99.89
      Z9U2G |          5        0.03       99.92
      Z9V6L |          6        0.04       99.97
      Z9Z1K |          5        0.03      100.00
------------+-----------------------------------
      Total |     14,540      100.00

. label list sbh141_04
value label sbh141_04 not found
r(111);

. sl
command sl is unrecognized
r(199);

. ls

total 1923696
-rw-r--r--@ 1 echow  staff     157954 May 14 14:25 meta_data.dta
-rw-r--r--  1 echow  staff     157954 Jun 27 17:06 meta_data_v12.dta
-rw-r--r--@ 1 echow  staff  487608323 May 14 14:25 zw71_flattened.dta
-rw-r--r--  1 echow  staff  483092680 Jun 27 17:04 zw71_flattened_v12.dta

. log using levels.log, t
log file already open
r(604);

. log close
      name:  <unnamed>
       log:  /Users/echow/QSU/SEER-medicare/code/02_create_dataset.log
  log type:  text
 closed on:  10 Jul 2018, 14:08:05
-------------------------------------------------------------------------------------------
